******************************************************************************
                  TI ARM Linker PC v5.1.6                      
******************************************************************************
>> Linked Fri Oct 09 17:37:08 2015

OUTPUT FILE NAME:   <FRT.out>
ENTRY POINT SYMBOL: "_c_int00"  address: 0000356d


MEMORY CONFIGURATION

         name            origin    length      used     unused   attr    fill
----------------------  --------  ---------  --------  --------  ----  --------
  FLASH                 00000000   00040000  000039dc  0003c624  R  X
  SRAM                  20000000   00010000  00003c76  0000c38a  RW X


SEGMENT ALLOCATION MAP

run origin  load origin   length   init length attrs members
----------  ----------- ---------- ----------- ----- -------
00000000    00000000    000039e0   000039e0    r-x
  00000000    00000000    000000f0   000000f0    r-- .intvecs
  000000f0    000000f0    000036c2   000036c2    r-x .text
  000037b4    000037b4    000001d2   000001d2    r-- .const
  00003988    00003988    00000058   00000058    r-- .cinit
20000000    20000000    00003c80   00000000    rw-
  20000000    20000000    0000026c   00000000    rw- .vtable
  20000270    20000270    000029b2   00000000    rw- .bss
  20002c24    20002c24    00000800   00000000    rw- .stack
  20003428    20003428    00000800   00000000    rw- .sysmem
  20003c28    20003c28    00000058   00000000    rw- .data


SECTION ALLOCATION MAP

 output                                  attributes/
section   page    origin      length       input sections
--------  ----  ----------  ----------   ----------------
.intvecs   0    00000000    000000f0     
                  00000000    000000f0     startup_ccs.obj (.intvecs)

.text      0    000000f0    000036c2     
                  000000f0    00001150     main.obj (.text)
                  00001240    00000c74     tasks.obj (.text)
                  00001eb4    00000614     queue.obj (.text)
                  000024c8    0000031a     ringbuf.obj (.text)
                  000027e2    00000002     --HOLE-- [fill = 0]
                  000027e4    000001d8     driverlib-cm3.lib : sysctl.obj (.text:SysCtlClockGet)
                  000029bc    000001bc     heap_2.obj (.text)
                  00002b78    00000174     CommonESTR.obj (.text)
                  00002cec    00000144     driverlib-cm3.lib : sysctl.obj (.text:SysCtlClockSet)
                  00002e30    0000012e     list.obj (.text)
                  00002f5e    00000002     --HOLE-- [fill = 0]
                  00002f60    000000e4     port.obj (.text)
                  00003044    000000c8     driverlib-cm3.lib : gpio.obj (.text:GPIOPadConfigSet)
                  0000310c    0000009c     portasm.obj (.text)
                  000031a8    0000009c     rtsv7M3_T_le_eabi.lib : memcpy_t2.obj (.text)
                  00003244    00000094                           : auto_init.obj (.text)
                  000032d8    00000078                           : memset_t2.obj (.text)
                  00003350    00000064     driverlib-cm3.lib : interrupt.obj (.text:IntEnable)
                  000033b4    0000005e     rtsv7M3_T_le_eabi.lib : copy_decompress_rle.obj (.text)
                  00003412    00000002     --HOLE-- [fill = 0]
                  00003414    00000058     driverlib-cm3.lib : sysctl.obj (.text:SysCtlPeripheralEnable)
                  0000346c    00000044     rtsv7M3_T_le_eabi.lib : cpy_tbl.obj (.text)
                  000034b0    00000044                           : exit.obj (.text)
                  000034f4    00000042     driverlib-cm3.lib : uart.obj (.text:UARTConfigSetExpClk)
                  00003536    00000002     --HOLE-- [fill = 0]
                  00003538    00000034                       : interrupt.obj (.text:IntRegister)
                  0000356c    00000034     rtsv7M3_T_le_eabi.lib : boot.obj (.text)
                  000035a0    00000030                           : strncpy.obj (.text)
                  000035d0    0000002e     driverlib-cm3.lib : gpio.obj (.text:GPIODirModeSet)
                  000035fe    00000022     rtsv7M3_T_le_eabi.lib : memcmp.obj (.text)
                  00003620    00000020     driverlib-cm3.lib : uart.obj (.text:UARTIntNumberGet)
                  00003640    0000001c                       : uart.obj (.text:UARTDisable)
                  0000365c    00000018                       : uart.obj (.text:UARTIntRegister)
                  00003674    00000018     rtsv7M3_T_le_eabi.lib : args_main.obj (.text)
                  0000368c    00000018                           : strcmp.obj (.text)
                  000036a4    00000014     driverlib-cm3.lib : uart.obj (.text:UARTEnable)
                  000036b8    00000014     rtsv7M3_T_le_eabi.lib : _lock.obj (.text)
                  000036cc    00000014                           : strlen.obj (.text)
                  000036e0    00000012     driverlib-cm3.lib : gpio.obj (.text:GPIOPinTypeGPIOOutput)
                  000036f2    00000012                       : gpio.obj (.text:GPIOPinTypeUART)
                  00003704    00000012     rtsv7M3_T_le_eabi.lib : copy_zero_init.obj (.text:decompress:ZI)
                  00003716    00000010     driverlib-cm3.lib : uart.obj (.text:UARTCharGetNonBlocking)
                  00003726    0000000e     rtsv7M3_T_le_eabi.lib : copy_decompress_none.obj (.text:decompress:none)
                  00003734    0000000c     driverlib-cm3.lib : cpu.obj (.text:CPUcpsid)
                  00003740    0000000c                       : cpu.obj (.text:CPUcpsie)
                  0000374c    0000000c                       : uart.obj (.text:UARTCharsAvail)
                  00003758    0000000c     startup_ccs.obj (.text)
                  00003764    0000000a     driverlib-cm3.lib : interrupt.obj (.text:IntMasterDisable)
                  0000376e    0000000a                       : interrupt.obj (.text:IntMasterEnable)
                  00003778    0000000a                       : uart.obj (.text:UARTCharPut)
                  00003782    0000000a                       : uart.obj (.text:UARTIntStatus)
                  0000378c    00000008                       : uart.obj (.text:UARTBusy)
                  00003794    00000008                       : uart.obj (.text:UARTIntEnable)
                  0000379c    00000006                       : gpio.obj (.text:GPIOPinWrite)
                  000037a2    00000006                       : sysctl.obj (.text:SysCtlDelay)
                  000037a8    00000006     rtsv7M3_T_le_eabi.lib : copy_decompress_rle.obj (.text:decompress:rle24)
                  000037ae    00000004     driverlib-cm3.lib : uart.obj (.text:UARTIntClear)

.const     0    000037b4    000001d2     
                  000037b4    00000070     driverlib-cm3.lib : interrupt.obj (.const)
                  00003824    0000006c                       : sysctl.obj (.const:g_pulXtals)
                  00003890    00000040                       : sysctl.obj (.const)
                  000038d0    00000040                       : uart.obj (.const:g_ppulUARTIntMap)
                  00003910    00000038     main.obj (.const:.string)
                  00003948    00000027     main.obj (.const:.string:$P$T1$2)
                  0000396f    00000014     tasks.obj (.const:.string)
                  00003983    00000001     --HOLE-- [fill = 0]
                  00003984    00000002     heap_2.obj (.const)

.cinit     0    00003988    00000058     
                  00003988    00000024     (.cinit..data.load) [load image, compression = rle]
                  000039ac    0000000c     (__TI_handler_table)
                  000039b8    00000008     (.cinit..bss.load) [load image, compression = zero_init]
                  000039c0    00000008     (.cinit..vtable.load) [load image, compression = zero_init]
                  000039c8    00000018     (__TI_cinit_table)

.vtable    0    20000000    0000026c     UNINITIALIZED
                  20000000    0000026c     driverlib-cm3.lib : interrupt.obj (.vtable)

.bss       0    20000270    000029b2     UNINITIALIZED
                  20000270    00002800     heap_2.obj (.bss:xHeap)
                  20002a70    00000064     tasks.obj (.bss:pxReadyTasksLists)
                  20002ad4    00000014     (.common:xDelayedTaskList1)
                  20002ae8    00000014     (.common:xDelayedTaskList2)
                  20002afc    00000014     (.common:xPendingReadyList)
                  20002b10    00000014     (.common:xSuspendedTaskList)
                  20002b24    00000014     (.common:xTasksWaitingTermination)
                  20002b38    00000010     (.common:BufferA)
                  20002b48    00000010     (.common:BufferB)
                  20002b58    00000010     (.common:BufferC)
                  20002b68    00000010     (.common:ComInBuffer)
                  20002b78    00000010     (.common:ComOutBuffer)
                  20002b88    00000010     (.common:RigInBuffer)
                  20002b98    00000010     (.common:RigOutBuffer)
                  20002ba8    00000008     (.common:xEnd)
                  20002bb0    00000008     (.common:xStart)
                  20002bb8    00000004     (.common:pxDelayedTaskList)
                  20002bbc    00000004     (.common:pxOverflowDelayedTaskList)
                  20002bc0    00000004     (.common:semaA)
                  20002bc4    00000004     (.common:semaB)
                  20002bc8    00000004     (.common:semaC)
                  20002bcc    00000004     (.common:semaCInbox)
                  20002bd0    00000004     (.common:semaCOutbox)
                  20002bd4    00000004     (.common:semaRInbox)
                  20002bd8    00000004     (.common:semaROutbox)
                  20002bdc    00000004     (.common:semaUART0)
                  20002be0    00000004     (.common:semaUART1)
                  20002be4    00000004     (.common:xHandle)
                  20002be8    00000004     (.common:xHandletest1)
                  20002bec    00000004     (.common:xHandletest2)
                  20002bf0    00000004     (.common:xHandletest3)
                  20002bf4    00000004     (.common:xHandletest4)
                  20002bf8    00000004     (.common:xHandletest5)
                  20002bfc    00000004     (.common:xHandletest6)
                  20002c00    00000004     (.common:xHandletest7)
                  20002c04    00000004     (.common:xHandletest8)
                  20002c08    00000004     (.common:xHandletest9)
                  20002c0c    00000004     (.common:xTask)
                  20002c10    00000001     (.common:test1Done)
                  20002c11    00000001     (.common:test1Mark)
                  20002c12    00000001     (.common:test2Done)
                  20002c13    00000001     (.common:test2Mark)
                  20002c14    00000001     (.common:test3Done)
                  20002c15    00000001     (.common:test3Mark)
                  20002c16    00000001     (.common:test4Done)
                  20002c17    00000001     (.common:test4Mark)
                  20002c18    00000001     (.common:test5Done)
                  20002c19    00000001     (.common:test5Mark)
                  20002c1a    00000001     (.common:test6Done)
                  20002c1b    00000001     (.common:test6Mark)
                  20002c1c    00000001     (.common:test7Done)
                  20002c1d    00000001     (.common:test7Mark)
                  20002c1e    00000001     (.common:test8Done)
                  20002c1f    00000001     (.common:test8Mark)
                  20002c20    00000001     (.common:test9Done)
                  20002c21    00000001     (.common:test9Mark)

.stack     0    20002c24    00000800     UNINITIALIZED
                  20002c24    00000800     --HOLE--

.sysmem    0    20003428    00000800     UNINITIALIZED
                  20003428    00000008     rtsv7M3_T_le_eabi.lib : memory.obj (.sysmem)
                  20003430    000007f8     --HOLE--

.data      0    20003c28    00000058     UNINITIALIZED
                  20003c28    00000030     tasks.obj (.data)
                  20003c58    00000008     heap_2.obj (.data)
                  20003c60    00000008     main.obj (.data)
                  20003c68    00000008     rtsv7M3_T_le_eabi.lib : _lock.obj (.data)
                  20003c70    00000008                           : exit.obj (.data)
                  20003c78    00000004     port.obj (.data)
                  20003c7c    00000004     rtsv7M3_T_le_eabi.lib : stkdepth_vars.obj (.data)


LINKER GENERATED COPY TABLES

__TI_cinit_table @ 000039c8 records: 3, size/record: 8, table size: 24
	.data: load addr=00003988, load size=00000024 bytes, run addr=20003c28, run size=00000058 bytes, compression=rle
	.bss: load addr=000039b8, load size=00000008 bytes, run addr=20000270, run size=000029b2 bytes, compression=zero_init
	.vtable: load addr=000039c0, load size=00000008 bytes, run addr=20000000, run size=0000026c bytes, compression=zero_init


LINKER GENERATED HANDLER TABLE

__TI_handler_table @ 000039ac records: 3, size/record: 4, table size: 12
	index: 0, handler: __TI_zero_init
	index: 1, handler: __TI_decompress_rle24
	index: 2, handler: __TI_decompress_none


GLOBAL SYMBOLS: SORTED ALPHABETICALLY BY Name 

address    name
--------   ----
20002b38   BufferA
20002b48   BufferB
20002b58   BufferC
000034b1   C$$EXIT
00003735   CPUcpsid
00003741   CPUcpsie
20002b68   ComInBuffer
20002b78   ComOutBuffer
00002c9d   FSM
000035d1   GPIODirModeSet
00003045   GPIOPadConfigSet
000036e1   GPIOPinTypeGPIOOutput
000036f3   GPIOPinTypeUART
0000379d   GPIOPinWrite
00003351   IntEnable
00003765   IntMasterDisable
0000376f   IntMasterEnable
00003539   IntRegister
00003759   ResetISR
20002b88   RigInBuffer
20002b98   RigOutBuffer
000026a5   RingBufAdvanceRead
000026d3   RingBufAdvanceWrite
000025ff   RingBufContigFree
000025d1   RingBufContigUsed
00002545   RingBufEmpty
00002569   RingBufFlush
000025bb   RingBufFree
00002513   RingBufFull
000027a3   RingBufInit
000027c7   RingBufPeekOne
0000266f   RingBufRead
00002649   RingBufReadOne
0000263b   RingBufSize
00002589   RingBufUsed
0000276d   RingBufWrite
00002747   RingBufWriteOne
UNDEFED    SHT$$INIT_ARRAY$$Base
UNDEFED    SHT$$INIT_ARRAY$$Limit
000027e5   SysCtlClockGet
00002ced   SysCtlClockSet
000037a3   SysCtlDelay
00003415   SysCtlPeripheralEnable
0000378d   UARTBusy
00003717   UARTCharGetNonBlocking
00003779   UARTCharPut
0000374d   UARTCharsAvail
000034f5   UARTConfigSetExpClk
00003641   UARTDisable
000036a5   UARTEnable
000037af   UARTIntClear
00003795   UARTIntEnable
0000365d   UARTIntRegister
00003783   UARTIntStatus
20003424   __STACK_END
00000800   __STACK_SIZE
20002d24   __STACK_TOP
00000800   __SYSMEM_SIZE
000039c8   __TI_CINIT_Base
000039e0   __TI_CINIT_Limit
000039ac   __TI_Handler_Table_Base
000039b8   __TI_Handler_Table_Limit
00000001   __TI_args_main
00003245   __TI_auto_init
20003c70   __TI_cleanup_ptr
00003727   __TI_decompress_none
000037a9   __TI_decompress_rle24
20003c74   __TI_dtors_ptr
00000000   __TI_static_base__
00003705   __TI_zero_init
000032d9   __aeabi_memclr
000032d9   __aeabi_memclr4
000032d9   __aeabi_memclr8
000031a9   __aeabi_memcpy
000031a9   __aeabi_memcpy4
000031a9   __aeabi_memcpy8
000032db   __aeabi_memset
000032db   __aeabi_memset4
000032db   __aeabi_memset8
ffffffff   __binit__
ffffffff   __c_args__
20002c24   __stack
00003675   _args_main
0000356d   _c_int00
20003c68   _lock
000036c7   _nop
000036bf   _register_lock
000036b9   _register_unlock
20003428   _sys_memory
20003c6c   _unlock
000034b5   abort
ffffffff   binit
0000346d   copy_in
000034bd   exit
20000000   g_pfnRAMVectors
00000000   g_pfnVectors
00002b79   isNum
00002c17   issNum
000000f1   main
20003c7c   main_func_sp
000035ff   memcmp
000031a9   memcpy
000032e1   memset
20003c60   pcTextForTask1
20003c64   pcTextForTask2
000029bd   pvPortMalloc
20003c28   pxCurrentTCB
00002f61   pxPortInitialiseStack
20002bc0   semaA
20002bc4   semaB
20002bc8   semaC
20002bcc   semaCInbox
20002bd0   semaCOutbox
20002bd4   semaRInbox
20002bd8   semaROutbox
20002bdc   semaUART0
20002be0   semaUART1
0000368d   strcmp
000036cd   strlen
000035a1   strncpy
20002c10   test1Done
20002c11   test1Mark
20002c12   test2Done
20002c13   test2Mark
20002c14   test3Done
20002c15   test3Mark
20002c16   test4Done
20002c17   test4Mark
20002c18   test5Done
20002c19   test5Mark
20002c1a   test6Done
20002c1b   test6Mark
20002c1c   test7Done
20002c1d   test7Mark
20002c1e   test8Done
20002c1f   test8Mark
20002c20   test9Done
20002c21   test9Mark
00000429   updateBuffers
000022cf   uxQueueMessagesWaiting
000022e5   uxQueueMessagesWaitingFromISR
000018c9   uxTaskGetNumberOfTasks
000014d1   uxTaskPriorityGet
00001215   vApplicationIdleHook
00001209   vApplicationMallocFailedHook
0000120b   vApplicationStackOverflowHook
00001217   vApplicationTickHook
000011cd   vComInterrupt
00000f81   vControl
00000d71   vControlCommand
00002e31   vListInitialise
00002e61   vListInitialiseItem
00002eb5   vListInsert
00002e71   vListInsertEnd
00002f1b   vListRemove
00003159   vPortClearInterruptMask
00003197   vPortEnableVFP
00002fd1   vPortEndScheduler
00002fdd   vPortEnterCritical
00002fed   vPortExitCritical
00002aef   vPortFree
00002b57   vPortInitialiseBlocks
00003167   vPortSVCHandler
0000314b   vPortSetInterruptMask
00003185   vPortStartFirstTask
00002fd3   vPortYieldFromISR
000022f7   vQueueDelete
00001207   vQueueFault
0000117b   vRigInterrupt
00001203   vSemaphoreFault
0000111d   vTaskCom
0000146d   vTaskDelay
000013bd   vTaskDelayUntil
00001355   vTaskDelete
000017c9   vTaskEndScheduler
00001205   vTaskFault
000018d9   vTaskIncrementTick
00001bdd   vTaskMissedYield
00001a41   vTaskPlaceOnEventList
00001e23   vTaskPriorityDisinherit
00001d99   vTaskPriorityInherit
0000150d   vTaskPrioritySet
0000169d   vTaskResume
00001091   vTaskRig
00001b3f   vTaskSetTimeOutState
0000177f   vTaskStartScheduler
000015f5   vTaskSuspend
000017db   vTaskSuspendAll
00001981   vTaskSwitchContext
00000585   vTestManager
00000b2d   vTestStatus
00000c5d   vTestStatus1
20002be4   xHandle
20002be8   xHandletest1
20002bec   xHandletest2
20002bf0   xHandletest3
20002bf4   xHandletest4
20002bf8   xHandletest5
20002bfc   xHandletest6
20002c00   xHandletest7
20002c04   xHandletest8
20002c08   xHandletest9
00002b51   xPortGetFreeHeapSize
00003111   xPortPendSVHandler
00002fa9   xPortStartScheduler
00003003   xPortSysTickHandler
00001eb5   xQueueCreate
00001fc3   xQueueCreateCountingSemaphore
00001f5b   xQueueCreateMutex
00002133   xQueueGenericReceive
00001fe1   xQueueGenericSend
000020c9   xQueueGenericSendFromISR
00002471   xQueueIsQueueEmptyFromISR
000024ab   xQueueIsQueueFullFromISR
00002267   xQueueReceiveFromISR
20002c0c   xTask
00001b65   xTaskCheckForTimeOut
00001241   xTaskGenericCreate
00001d85   xTaskGetCurrentTaskHandle
000018b5   xTaskGetTickCount
0000164d   xTaskIsTaskSuspended
00001ac1   xTaskRemoveFromEventList
000017e5   xTaskResumeAll
0000170d   xTaskResumeFromISR


GLOBAL SYMBOLS: SORTED BY Symbol Address 

address    name
--------   ----
00000000   __TI_static_base__
00000000   g_pfnVectors
00000001   __TI_args_main
000000f1   main
00000429   updateBuffers
00000585   vTestManager
00000800   __STACK_SIZE
00000800   __SYSMEM_SIZE
00000b2d   vTestStatus
00000c5d   vTestStatus1
00000d71   vControlCommand
00000f81   vControl
00001091   vTaskRig
0000111d   vTaskCom
0000117b   vRigInterrupt
000011cd   vComInterrupt
00001203   vSemaphoreFault
00001205   vTaskFault
00001207   vQueueFault
00001209   vApplicationMallocFailedHook
0000120b   vApplicationStackOverflowHook
00001215   vApplicationIdleHook
00001217   vApplicationTickHook
00001241   xTaskGenericCreate
00001355   vTaskDelete
000013bd   vTaskDelayUntil
0000146d   vTaskDelay
000014d1   uxTaskPriorityGet
0000150d   vTaskPrioritySet
000015f5   vTaskSuspend
0000164d   xTaskIsTaskSuspended
0000169d   vTaskResume
0000170d   xTaskResumeFromISR
0000177f   vTaskStartScheduler
000017c9   vTaskEndScheduler
000017db   vTaskSuspendAll
000017e5   xTaskResumeAll
000018b5   xTaskGetTickCount
000018c9   uxTaskGetNumberOfTasks
000018d9   vTaskIncrementTick
00001981   vTaskSwitchContext
00001a41   vTaskPlaceOnEventList
00001ac1   xTaskRemoveFromEventList
00001b3f   vTaskSetTimeOutState
00001b65   xTaskCheckForTimeOut
00001bdd   vTaskMissedYield
00001d85   xTaskGetCurrentTaskHandle
00001d99   vTaskPriorityInherit
00001e23   vTaskPriorityDisinherit
00001eb5   xQueueCreate
00001f5b   xQueueCreateMutex
00001fc3   xQueueCreateCountingSemaphore
00001fe1   xQueueGenericSend
000020c9   xQueueGenericSendFromISR
00002133   xQueueGenericReceive
00002267   xQueueReceiveFromISR
000022cf   uxQueueMessagesWaiting
000022e5   uxQueueMessagesWaitingFromISR
000022f7   vQueueDelete
00002471   xQueueIsQueueEmptyFromISR
000024ab   xQueueIsQueueFullFromISR
00002513   RingBufFull
00002545   RingBufEmpty
00002569   RingBufFlush
00002589   RingBufUsed
000025bb   RingBufFree
000025d1   RingBufContigUsed
000025ff   RingBufContigFree
0000263b   RingBufSize
00002649   RingBufReadOne
0000266f   RingBufRead
000026a5   RingBufAdvanceRead
000026d3   RingBufAdvanceWrite
00002747   RingBufWriteOne
0000276d   RingBufWrite
000027a3   RingBufInit
000027c7   RingBufPeekOne
000027e5   SysCtlClockGet
000029bd   pvPortMalloc
00002aef   vPortFree
00002b51   xPortGetFreeHeapSize
00002b57   vPortInitialiseBlocks
00002b79   isNum
00002c17   issNum
00002c9d   FSM
00002ced   SysCtlClockSet
00002e31   vListInitialise
00002e61   vListInitialiseItem
00002e71   vListInsertEnd
00002eb5   vListInsert
00002f1b   vListRemove
00002f61   pxPortInitialiseStack
00002fa9   xPortStartScheduler
00002fd1   vPortEndScheduler
00002fd3   vPortYieldFromISR
00002fdd   vPortEnterCritical
00002fed   vPortExitCritical
00003003   xPortSysTickHandler
00003045   GPIOPadConfigSet
00003111   xPortPendSVHandler
0000314b   vPortSetInterruptMask
00003159   vPortClearInterruptMask
00003167   vPortSVCHandler
00003185   vPortStartFirstTask
00003197   vPortEnableVFP
000031a9   __aeabi_memcpy
000031a9   __aeabi_memcpy4
000031a9   __aeabi_memcpy8
000031a9   memcpy
00003245   __TI_auto_init
000032d9   __aeabi_memclr
000032d9   __aeabi_memclr4
000032d9   __aeabi_memclr8
000032db   __aeabi_memset
000032db   __aeabi_memset4
000032db   __aeabi_memset8
000032e1   memset
00003351   IntEnable
00003415   SysCtlPeripheralEnable
0000346d   copy_in
000034b1   C$$EXIT
000034b5   abort
000034bd   exit
000034f5   UARTConfigSetExpClk
00003539   IntRegister
0000356d   _c_int00
000035a1   strncpy
000035d1   GPIODirModeSet
000035ff   memcmp
00003641   UARTDisable
0000365d   UARTIntRegister
00003675   _args_main
0000368d   strcmp
000036a5   UARTEnable
000036b9   _register_unlock
000036bf   _register_lock
000036c7   _nop
000036cd   strlen
000036e1   GPIOPinTypeGPIOOutput
000036f3   GPIOPinTypeUART
00003705   __TI_zero_init
00003717   UARTCharGetNonBlocking
00003727   __TI_decompress_none
00003735   CPUcpsid
00003741   CPUcpsie
0000374d   UARTCharsAvail
00003759   ResetISR
00003765   IntMasterDisable
0000376f   IntMasterEnable
00003779   UARTCharPut
00003783   UARTIntStatus
0000378d   UARTBusy
00003795   UARTIntEnable
0000379d   GPIOPinWrite
000037a3   SysCtlDelay
000037a9   __TI_decompress_rle24
000037af   UARTIntClear
000039ac   __TI_Handler_Table_Base
000039b8   __TI_Handler_Table_Limit
000039c8   __TI_CINIT_Base
000039e0   __TI_CINIT_Limit
20000000   g_pfnRAMVectors
20002b38   BufferA
20002b48   BufferB
20002b58   BufferC
20002b68   ComInBuffer
20002b78   ComOutBuffer
20002b88   RigInBuffer
20002b98   RigOutBuffer
20002bc0   semaA
20002bc4   semaB
20002bc8   semaC
20002bcc   semaCInbox
20002bd0   semaCOutbox
20002bd4   semaRInbox
20002bd8   semaROutbox
20002bdc   semaUART0
20002be0   semaUART1
20002be4   xHandle
20002be8   xHandletest1
20002bec   xHandletest2
20002bf0   xHandletest3
20002bf4   xHandletest4
20002bf8   xHandletest5
20002bfc   xHandletest6
20002c00   xHandletest7
20002c04   xHandletest8
20002c08   xHandletest9
20002c0c   xTask
20002c10   test1Done
20002c11   test1Mark
20002c12   test2Done
20002c13   test2Mark
20002c14   test3Done
20002c15   test3Mark
20002c16   test4Done
20002c17   test4Mark
20002c18   test5Done
20002c19   test5Mark
20002c1a   test6Done
20002c1b   test6Mark
20002c1c   test7Done
20002c1d   test7Mark
20002c1e   test8Done
20002c1f   test8Mark
20002c20   test9Done
20002c21   test9Mark
20002c24   __stack
20002d24   __STACK_TOP
20003424   __STACK_END
20003428   _sys_memory
20003c28   pxCurrentTCB
20003c60   pcTextForTask1
20003c64   pcTextForTask2
20003c68   _lock
20003c6c   _unlock
20003c70   __TI_cleanup_ptr
20003c74   __TI_dtors_ptr
20003c7c   main_func_sp
ffffffff   __binit__
ffffffff   __c_args__
ffffffff   binit
UNDEFED    SHT$$INIT_ARRAY$$Base
UNDEFED    SHT$$INIT_ARRAY$$Limit

[224 symbols]
