<?xml version="1.0"?>
<link_info>
   <banner>TI ARM Linker PC v5.1.6</banner>
   <copyright>Copyright (c) 1996-2014 Texas Instruments Incorporated</copyright>
   <link_time>0x56174474</link_time>
   <link_errors>0x0</link_errors>
   <output_file>FRT.out</output_file>
   <entry_point>
      <name>_c_int00</name>
      <address>0x356d</address>
   </entry_point>
   <input_file_list>
      <input_file id="fl-2">
         <path>.\</path>
         <kind>object</kind>
         <file>CommonESTR.obj</file>
         <name>CommonESTR.obj</name>
      </input_file>
      <input_file id="fl-3">
         <path>.\</path>
         <kind>object</kind>
         <file>list.obj</file>
         <name>list.obj</name>
      </input_file>
      <input_file id="fl-4">
         <path>.\</path>
         <kind>object</kind>
         <file>main.obj</file>
         <name>main.obj</name>
      </input_file>
      <input_file id="fl-5">
         <path>.\</path>
         <kind>object</kind>
         <file>queue.obj</file>
         <name>queue.obj</name>
      </input_file>
      <input_file id="fl-6">
         <path>.\</path>
         <kind>object</kind>
         <file>ringbuf.obj</file>
         <name>ringbuf.obj</name>
      </input_file>
      <input_file id="fl-7">
         <path>.\</path>
         <kind>object</kind>
         <file>rit128x96x4.obj</file>
         <name>rit128x96x4.obj</name>
      </input_file>
      <input_file id="fl-8">
         <path>.\</path>
         <kind>object</kind>
         <file>startup_ccs.obj</file>
         <name>startup_ccs.obj</name>
      </input_file>
      <input_file id="fl-9">
         <path>.\</path>
         <kind>object</kind>
         <file>tasks.obj</file>
         <name>tasks.obj</name>
      </input_file>
      <input_file id="fl-a">
         <path>.\portable\</path>
         <kind>object</kind>
         <file>heap_2.obj</file>
         <name>heap_2.obj</name>
      </input_file>
      <input_file id="fl-b">
         <path>.\portable\</path>
         <kind>object</kind>
         <file>port.obj</file>
         <name>port.obj</name>
      </input_file>
      <input_file id="fl-c">
         <path>.\portable\</path>
         <kind>object</kind>
         <file>portasm.obj</file>
         <name>portasm.obj</name>
      </input_file>
      <input_file id="fl-d">
         <path>.\demo_code\</path>
         <kind>object</kind>
         <file>basic_io.obj</file>
         <name>basic_io.obj</name>
      </input_file>
      <input_file id="fl-13b">
         <path>c:\ti\ccsv6\tools\compiler\arm_5.1.6\lib\</path>
         <kind>archive</kind>
         <file>rtsv7M3_T_le_eabi.lib</file>
         <name>boot.obj</name>
      </input_file>
      <input_file id="fl-13c">
         <path>c:\ti\ccsv6\tools\compiler\arm_5.1.6\lib\</path>
         <kind>archive</kind>
         <file>rtsv7M3_T_le_eabi.lib</file>
         <name>copy_decompress_none.obj</name>
      </input_file>
      <input_file id="fl-13d">
         <path>c:\ti\ccsv6\tools\compiler\arm_5.1.6\lib\</path>
         <kind>archive</kind>
         <file>rtsv7M3_T_le_eabi.lib</file>
         <name>copy_decompress_rle.obj</name>
      </input_file>
      <input_file id="fl-13e">
         <path>c:\ti\ccsv6\tools\compiler\arm_5.1.6\lib\</path>
         <kind>archive</kind>
         <file>rtsv7M3_T_le_eabi.lib</file>
         <name>copy_zero_init.obj</name>
      </input_file>
      <input_file id="fl-13f">
         <path>c:\ti\ccsv6\tools\compiler\arm_5.1.6\lib\</path>
         <kind>archive</kind>
         <file>rtsv7M3_T_le_eabi.lib</file>
         <name>defs.obj</name>
      </input_file>
      <input_file id="fl-140">
         <path>c:\ti\ccsv6\tools\compiler\arm_5.1.6\lib\</path>
         <kind>archive</kind>
         <file>rtsv7M3_T_le_eabi.lib</file>
         <name>exit.obj</name>
      </input_file>
      <input_file id="fl-141">
         <path>c:\ti\ccsv6\tools\compiler\arm_5.1.6\lib\</path>
         <kind>archive</kind>
         <file>rtsv7M3_T_le_eabi.lib</file>
         <name>fflush.obj</name>
      </input_file>
      <input_file id="fl-142">
         <path>c:\ti\ccsv6\tools\compiler\arm_5.1.6\lib\</path>
         <kind>archive</kind>
         <file>rtsv7M3_T_le_eabi.lib</file>
         <name>lowlev.obj</name>
      </input_file>
      <input_file id="fl-143">
         <path>c:\ti\ccsv6\tools\compiler\arm_5.1.6\lib\</path>
         <kind>archive</kind>
         <file>rtsv7M3_T_le_eabi.lib</file>
         <name>memcmp.obj</name>
      </input_file>
      <input_file id="fl-144">
         <path>c:\ti\ccsv6\tools\compiler\arm_5.1.6\lib\</path>
         <kind>archive</kind>
         <file>rtsv7M3_T_le_eabi.lib</file>
         <name>memcpy_t2.obj</name>
      </input_file>
      <input_file id="fl-145">
         <path>c:\ti\ccsv6\tools\compiler\arm_5.1.6\lib\</path>
         <kind>archive</kind>
         <file>rtsv7M3_T_le_eabi.lib</file>
         <name>memset_t2.obj</name>
      </input_file>
      <input_file id="fl-146">
         <path>c:\ti\ccsv6\tools\compiler\arm_5.1.6\lib\</path>
         <kind>archive</kind>
         <file>rtsv7M3_T_le_eabi.lib</file>
         <name>printf.obj</name>
      </input_file>
      <input_file id="fl-147">
         <path>c:\ti\ccsv6\tools\compiler\arm_5.1.6\lib\</path>
         <kind>archive</kind>
         <file>rtsv7M3_T_le_eabi.lib</file>
         <name>sprintf.obj</name>
      </input_file>
      <input_file id="fl-148">
         <path>c:\ti\ccsv6\tools\compiler\arm_5.1.6\lib\</path>
         <kind>archive</kind>
         <file>rtsv7M3_T_le_eabi.lib</file>
         <name>stkdepth_vars.obj</name>
      </input_file>
      <input_file id="fl-149">
         <path>c:\ti\ccsv6\tools\compiler\arm_5.1.6\lib\</path>
         <kind>archive</kind>
         <file>rtsv7M3_T_le_eabi.lib</file>
         <name>strchr.obj</name>
      </input_file>
      <input_file id="fl-14a">
         <path>c:\ti\ccsv6\tools\compiler\arm_5.1.6\lib\</path>
         <kind>archive</kind>
         <file>rtsv7M3_T_le_eabi.lib</file>
         <name>strcmp.obj</name>
      </input_file>
      <input_file id="fl-14b">
         <path>c:\ti\ccsv6\tools\compiler\arm_5.1.6\lib\</path>
         <kind>archive</kind>
         <file>rtsv7M3_T_le_eabi.lib</file>
         <name>strlen.obj</name>
      </input_file>
      <input_file id="fl-14c">
         <path>c:\ti\ccsv6\tools\compiler\arm_5.1.6\lib\</path>
         <kind>archive</kind>
         <file>rtsv7M3_T_le_eabi.lib</file>
         <name>strncpy.obj</name>
      </input_file>
      <input_file id="fl-14d">
         <path>c:\ti\ccsv6\tools\compiler\arm_5.1.6\lib\</path>
         <kind>archive</kind>
         <file>rtsv7M3_T_le_eabi.lib</file>
         <name>trgdrv.obj</name>
      </input_file>
      <input_file id="fl-14e">
         <path>c:\ti\ccsv6\tools\compiler\arm_5.1.6\lib\</path>
         <kind>archive</kind>
         <file>rtsv7M3_T_le_eabi.lib</file>
         <name>trgmsg.obj</name>
      </input_file>
      <input_file id="fl-14f">
         <path>c:\ti\ccsv6\tools\compiler\arm_5.1.6\lib\</path>
         <kind>archive</kind>
         <file>rtsv7M3_T_le_eabi.lib</file>
         <name>_lock.obj</name>
      </input_file>
      <input_file id="fl-150">
         <path>c:\ti\ccsv6\tools\compiler\arm_5.1.6\lib\</path>
         <kind>archive</kind>
         <file>rtsv7M3_T_le_eabi.lib</file>
         <name>_printfi.obj</name>
      </input_file>
      <input_file id="fl-151">
         <path>c:\ti\ccsv6\tools\compiler\arm_5.1.6\lib\</path>
         <kind>archive</kind>
         <file>rtsv7M3_T_le_eabi.lib</file>
         <name>args_main.obj</name>
      </input_file>
      <input_file id="fl-152">
         <path>c:\ti\ccsv6\tools\compiler\arm_5.1.6\lib\</path>
         <kind>archive</kind>
         <file>rtsv7M3_T_le_eabi.lib</file>
         <name>atoi.obj</name>
      </input_file>
      <input_file id="fl-153">
         <path>c:\ti\ccsv6\tools\compiler\arm_5.1.6\lib\</path>
         <kind>archive</kind>
         <file>rtsv7M3_T_le_eabi.lib</file>
         <name>auto_init.obj</name>
      </input_file>
      <input_file id="fl-154">
         <path>c:\ti\ccsv6\tools\compiler\arm_5.1.6\lib\</path>
         <kind>archive</kind>
         <file>rtsv7M3_T_le_eabi.lib</file>
         <name>cpy_tbl.obj</name>
      </input_file>
      <input_file id="fl-155">
         <path>c:\ti\ccsv6\tools\compiler\arm_5.1.6\lib\</path>
         <kind>archive</kind>
         <file>rtsv7M3_T_le_eabi.lib</file>
         <name>ctype.obj</name>
      </input_file>
      <input_file id="fl-156">
         <path>c:\ti\ccsv6\tools\compiler\arm_5.1.6\lib\</path>
         <kind>archive</kind>
         <file>rtsv7M3_T_le_eabi.lib</file>
         <name>fd_add_t2.obj</name>
      </input_file>
      <input_file id="fl-157">
         <path>c:\ti\ccsv6\tools\compiler\arm_5.1.6\lib\</path>
         <kind>archive</kind>
         <file>rtsv7M3_T_le_eabi.lib</file>
         <name>fd_cmp_t2.obj</name>
      </input_file>
      <input_file id="fl-158">
         <path>c:\ti\ccsv6\tools\compiler\arm_5.1.6\lib\</path>
         <kind>archive</kind>
         <file>rtsv7M3_T_le_eabi.lib</file>
         <name>fd_div_t2.obj</name>
      </input_file>
      <input_file id="fl-159">
         <path>c:\ti\ccsv6\tools\compiler\arm_5.1.6\lib\</path>
         <kind>archive</kind>
         <file>rtsv7M3_T_le_eabi.lib</file>
         <name>fd_mul_t2.obj</name>
      </input_file>
      <input_file id="fl-15a">
         <path>c:\ti\ccsv6\tools\compiler\arm_5.1.6\lib\</path>
         <kind>archive</kind>
         <file>rtsv7M3_T_le_eabi.lib</file>
         <name>fd_toi_t2.obj</name>
      </input_file>
      <input_file id="fl-15b">
         <path>c:\ti\ccsv6\tools\compiler\arm_5.1.6\lib\</path>
         <kind>archive</kind>
         <file>rtsv7M3_T_le_eabi.lib</file>
         <name>fputc.obj</name>
      </input_file>
      <input_file id="fl-15c">
         <path>c:\ti\ccsv6\tools\compiler\arm_5.1.6\lib\</path>
         <kind>archive</kind>
         <file>rtsv7M3_T_le_eabi.lib</file>
         <name>fputs.obj</name>
      </input_file>
      <input_file id="fl-15d">
         <path>c:\ti\ccsv6\tools\compiler\arm_5.1.6\lib\</path>
         <kind>archive</kind>
         <file>rtsv7M3_T_le_eabi.lib</file>
         <name>i_tofd_t2.obj</name>
      </input_file>
      <input_file id="fl-15e">
         <path>c:\ti\ccsv6\tools\compiler\arm_5.1.6\lib\</path>
         <kind>archive</kind>
         <file>rtsv7M3_T_le_eabi.lib</file>
         <name>ll_mul_t2.obj</name>
      </input_file>
      <input_file id="fl-15f">
         <path>c:\ti\ccsv6\tools\compiler\arm_5.1.6\lib\</path>
         <kind>archive</kind>
         <file>rtsv7M3_T_le_eabi.lib</file>
         <name>ltoa.obj</name>
      </input_file>
      <input_file id="fl-160">
         <path>c:\ti\ccsv6\tools\compiler\arm_5.1.6\lib\</path>
         <kind>archive</kind>
         <file>rtsv7M3_T_le_eabi.lib</file>
         <name>memccpy.obj</name>
      </input_file>
      <input_file id="fl-161">
         <path>c:\ti\ccsv6\tools\compiler\arm_5.1.6\lib\</path>
         <kind>archive</kind>
         <file>rtsv7M3_T_le_eabi.lib</file>
         <name>memchr.obj</name>
      </input_file>
      <input_file id="fl-162">
         <path>c:\ti\ccsv6\tools\compiler\arm_5.1.6\lib\</path>
         <kind>archive</kind>
         <file>rtsv7M3_T_le_eabi.lib</file>
         <name>strcpy.obj</name>
      </input_file>
      <input_file id="fl-163">
         <path>c:\ti\ccsv6\tools\compiler\arm_5.1.6\lib\</path>
         <kind>archive</kind>
         <file>rtsv7M3_T_le_eabi.lib</file>
         <name>ull_div_t2.obj</name>
      </input_file>
      <input_file id="fl-164">
         <path>c:\ti\ccsv6\tools\compiler\arm_5.1.6\lib\</path>
         <kind>archive</kind>
         <file>rtsv7M3_T_le_eabi.lib</file>
         <name>xdclass.obj</name>
      </input_file>
      <input_file id="fl-165">
         <path>c:\ti\ccsv6\tools\compiler\arm_5.1.6\lib\</path>
         <kind>archive</kind>
         <file>rtsv7M3_T_le_eabi.lib</file>
         <name>xdtest.obj</name>
      </input_file>
      <input_file id="fl-166">
         <path>c:\ti\ccsv6\tools\compiler\arm_5.1.6\lib\</path>
         <kind>archive</kind>
         <file>rtsv7M3_T_le_eabi.lib</file>
         <name>_io_perm.obj</name>
      </input_file>
      <input_file id="fl-167">
         <path>c:\ti\ccsv6\tools\compiler\arm_5.1.6\lib\</path>
         <kind>archive</kind>
         <file>rtsv7M3_T_le_eabi.lib</file>
         <name>fseek.obj</name>
      </input_file>
      <input_file id="fl-168">
         <path>c:\ti\ccsv6\tools\compiler\arm_5.1.6\lib\</path>
         <kind>archive</kind>
         <file>rtsv7M3_T_le_eabi.lib</file>
         <name>setvbuf.obj</name>
      </input_file>
      <input_file id="fl-169">
         <path>c:\ti\ccsv6\tools\compiler\arm_5.1.6\lib\</path>
         <kind>archive</kind>
         <file>rtsv7M3_T_le_eabi.lib</file>
         <name>fopen.obj</name>
      </input_file>
      <input_file id="fl-16a">
         <path>c:\ti\ccsv6\tools\compiler\arm_5.1.6\lib\</path>
         <kind>archive</kind>
         <file>rtsv7M3_T_le_eabi.lib</file>
         <name>memory.obj</name>
      </input_file>
      <input_file id="fl-16b">
         <path>c:\ti\ccsv6\tools\compiler\arm_5.1.6\lib\</path>
         <kind>archive</kind>
         <file>rtsv7M3_T_le_eabi.lib</file>
         <name>fclose.obj</name>
      </input_file>
      <input_file id="fl-16c">
         <path>c:\ti\ccsv6\tools\compiler\arm_5.1.6\lib\</path>
         <kind>archive</kind>
         <file>rtsv7M3_T_le_eabi.lib</file>
         <name>remove.obj</name>
      </input_file>
      <input_file id="fl-16d">
         <path>J:\StellarisWare\driverlib\ccs-cm3\Debug\</path>
         <kind>archive</kind>
         <file>driverlib-cm3.lib</file>
         <name>uart.obj</name>
      </input_file>
      <input_file id="fl-16e">
         <path>J:\StellarisWare\driverlib\ccs-cm3\Debug\</path>
         <kind>archive</kind>
         <file>driverlib-cm3.lib</file>
         <name>sysctl.obj</name>
      </input_file>
      <input_file id="fl-16f">
         <path>J:\StellarisWare\driverlib\ccs-cm3\Debug\</path>
         <kind>archive</kind>
         <file>driverlib-cm3.lib</file>
         <name>ssi.obj</name>
      </input_file>
      <input_file id="fl-170">
         <path>J:\StellarisWare\driverlib\ccs-cm3\Debug\</path>
         <kind>archive</kind>
         <file>driverlib-cm3.lib</file>
         <name>interrupt.obj</name>
      </input_file>
      <input_file id="fl-171">
         <path>J:\StellarisWare\driverlib\ccs-cm3\Debug\</path>
         <kind>archive</kind>
         <file>driverlib-cm3.lib</file>
         <name>gpio.obj</name>
      </input_file>
      <input_file id="fl-172">
         <path>J:\StellarisWare\driverlib\ccs-cm3\Debug\</path>
         <kind>archive</kind>
         <file>driverlib-cm3.lib</file>
         <name>cpu.obj</name>
      </input_file>
   </input_file_list>
   <object_component_list>
      <object_component id="oc-d">
         <name>.intvecs</name>
         <load_address>0x0</load_address>
         <run_address>0x0</run_address>
         <size>0xf0</size>
         <input_file_ref idref="fl-8"/>
      </object_component>
      <object_component id="oc-9b">
         <name>.text</name>
         <load_address>0xf0</load_address>
         <run_address>0xf0</run_address>
         <size>0x1150</size>
         <input_file_ref idref="fl-4"/>
      </object_component>
      <object_component id="oc-7c">
         <name>.text</name>
         <load_address>0x1240</load_address>
         <run_address>0x1240</run_address>
         <size>0xc74</size>
         <input_file_ref idref="fl-9"/>
      </object_component>
      <object_component id="oc-146">
         <name>.text</name>
         <load_address>0x1eb4</load_address>
         <run_address>0x1eb4</run_address>
         <size>0x614</size>
         <input_file_ref idref="fl-5"/>
      </object_component>
      <object_component id="oc-140">
         <name>.text</name>
         <load_address>0x24c8</load_address>
         <run_address>0x24c8</run_address>
         <size>0x31a</size>
         <input_file_ref idref="fl-6"/>
      </object_component>
      <object_component id="oc-128">
         <name>.text:SysCtlClockGet</name>
         <load_address>0x27e4</load_address>
         <run_address>0x27e4</run_address>
         <size>0x1d8</size>
         <input_file_ref idref="fl-16e"/>
      </object_component>
      <object_component id="oc-ef">
         <name>.text</name>
         <load_address>0x29bc</load_address>
         <run_address>0x29bc</run_address>
         <size>0x1bc</size>
         <input_file_ref idref="fl-a"/>
      </object_component>
      <object_component id="oc-18c">
         <name>.text</name>
         <load_address>0x2b78</load_address>
         <run_address>0x2b78</run_address>
         <size>0x174</size>
         <input_file_ref idref="fl-2"/>
      </object_component>
      <object_component id="oc-118">
         <name>.text:SysCtlClockSet</name>
         <load_address>0x2cec</load_address>
         <run_address>0x2cec</run_address>
         <size>0x144</size>
         <input_file_ref idref="fl-16e"/>
      </object_component>
      <object_component id="oc-d0">
         <name>.text</name>
         <load_address>0x2e30</load_address>
         <run_address>0x2e30</run_address>
         <size>0x12e</size>
         <input_file_ref idref="fl-3"/>
      </object_component>
      <object_component id="oc-36">
         <name>.text</name>
         <load_address>0x2f60</load_address>
         <run_address>0x2f60</run_address>
         <size>0xe4</size>
         <input_file_ref idref="fl-b"/>
      </object_component>
      <object_component id="oc-230">
         <name>.text:GPIOPadConfigSet</name>
         <load_address>0x3044</load_address>
         <run_address>0x3044</run_address>
         <size>0xc8</size>
         <input_file_ref idref="fl-171"/>
      </object_component>
      <object_component id="oc-31">
         <name>.text</name>
         <load_address>0x310c</load_address>
         <run_address>0x310c</run_address>
         <size>0x9c</size>
         <input_file_ref idref="fl-c"/>
      </object_component>
      <object_component id="oc-54">
         <name>.text</name>
         <load_address>0x31a8</load_address>
         <run_address>0x31a8</run_address>
         <size>0x9c</size>
         <input_file_ref idref="fl-144"/>
      </object_component>
      <object_component id="oc-3f">
         <name>.text</name>
         <load_address>0x3244</load_address>
         <run_address>0x3244</run_address>
         <size>0x94</size>
         <input_file_ref idref="fl-153"/>
      </object_component>
      <object_component id="oc-f5">
         <name>.text</name>
         <load_address>0x32d8</load_address>
         <run_address>0x32d8</run_address>
         <size>0x78</size>
         <input_file_ref idref="fl-145"/>
      </object_component>
      <object_component id="oc-138">
         <name>.text:IntEnable</name>
         <load_address>0x3350</load_address>
         <run_address>0x3350</run_address>
         <size>0x64</size>
         <input_file_ref idref="fl-170"/>
      </object_component>
      <object_component id="oc-67">
         <name>.text</name>
         <load_address>0x33b4</load_address>
         <run_address>0x33b4</run_address>
         <size>0x5e</size>
         <input_file_ref idref="fl-13d"/>
      </object_component>
      <object_component id="oc-11c">
         <name>.text:SysCtlPeripheralEnable</name>
         <load_address>0x3414</load_address>
         <run_address>0x3414</run_address>
         <size>0x58</size>
         <input_file_ref idref="fl-16e"/>
      </object_component>
      <object_component id="oc-94">
         <name>.text</name>
         <load_address>0x346c</load_address>
         <run_address>0x346c</run_address>
         <size>0x44</size>
         <input_file_ref idref="fl-154"/>
      </object_component>
      <object_component id="oc-4a">
         <name>.text</name>
         <load_address>0x34b0</load_address>
         <run_address>0x34b0</run_address>
         <size>0x44</size>
         <input_file_ref idref="fl-140"/>
      </object_component>
      <object_component id="oc-12c">
         <name>.text:UARTConfigSetExpClk</name>
         <load_address>0x34f4</load_address>
         <run_address>0x34f4</run_address>
         <size>0x42</size>
         <input_file_ref idref="fl-16d"/>
      </object_component>
      <object_component id="oc-24c">
         <name>.text:IntRegister</name>
         <load_address>0x3538</load_address>
         <run_address>0x3538</run_address>
         <size>0x34</size>
         <input_file_ref idref="fl-170"/>
      </object_component>
      <object_component id="oc-10">
         <name>.text</name>
         <load_address>0x356c</load_address>
         <run_address>0x356c</run_address>
         <size>0x34</size>
         <input_file_ref idref="fl-13b"/>
      </object_component>
      <object_component id="oc-e7">
         <name>.text</name>
         <load_address>0x35a0</load_address>
         <run_address>0x35a0</run_address>
         <size>0x30</size>
         <input_file_ref idref="fl-14c"/>
      </object_component>
      <object_component id="oc-234">
         <name>.text:GPIODirModeSet</name>
         <load_address>0x35d0</load_address>
         <run_address>0x35d0</run_address>
         <size>0x2e</size>
         <input_file_ref idref="fl-171"/>
      </object_component>
      <object_component id="oc-de">
         <name>.text</name>
         <load_address>0x35fe</load_address>
         <run_address>0x35fe</run_address>
         <size>0x22</size>
         <input_file_ref idref="fl-143"/>
      </object_component>
      <object_component id="oc-248">
         <name>.text:UARTIntNumberGet</name>
         <load_address>0x3620</load_address>
         <run_address>0x3620</run_address>
         <size>0x20</size>
         <input_file_ref idref="fl-16d"/>
      </object_component>
      <object_component id="oc-23d">
         <name>.text:UARTDisable</name>
         <load_address>0x3640</load_address>
         <run_address>0x3640</run_address>
         <size>0x1c</size>
         <input_file_ref idref="fl-16d"/>
      </object_component>
      <object_component id="oc-134">
         <name>.text:UARTIntRegister</name>
         <load_address>0x365c</load_address>
         <run_address>0x365c</run_address>
         <size>0x18</size>
         <input_file_ref idref="fl-16d"/>
      </object_component>
      <object_component id="oc-44">
         <name>.text</name>
         <load_address>0x3674</load_address>
         <run_address>0x3674</run_address>
         <size>0x18</size>
         <input_file_ref idref="fl-151"/>
      </object_component>
      <object_component id="oc-1a9">
         <name>.text</name>
         <load_address>0x368c</load_address>
         <run_address>0x368c</run_address>
         <size>0x18</size>
         <input_file_ref idref="fl-14a"/>
      </object_component>
      <object_component id="oc-241">
         <name>.text:UARTEnable</name>
         <load_address>0x36a4</load_address>
         <run_address>0x36a4</run_address>
         <size>0x14</size>
         <input_file_ref idref="fl-16d"/>
      </object_component>
      <object_component id="oc-1e6">
         <name>.text</name>
         <load_address>0x36b8</load_address>
         <run_address>0x36b8</run_address>
         <size>0x14</size>
         <input_file_ref idref="fl-14f"/>
      </object_component>
      <object_component id="oc-282">
         <name>.text</name>
         <load_address>0x36cc</load_address>
         <run_address>0x36cc</run_address>
         <size>0x14</size>
         <input_file_ref idref="fl-14b"/>
      </object_component>
      <object_component id="oc-120">
         <name>.text:GPIOPinTypeGPIOOutput</name>
         <load_address>0x36e0</load_address>
         <run_address>0x36e0</run_address>
         <size>0x12</size>
         <input_file_ref idref="fl-171"/>
      </object_component>
      <object_component id="oc-124">
         <name>.text:GPIOPinTypeUART</name>
         <load_address>0x36f2</load_address>
         <run_address>0x36f2</run_address>
         <size>0x12</size>
         <input_file_ref idref="fl-171"/>
      </object_component>
      <object_component id="oc-1b">
         <name>.text:decompress:ZI</name>
         <load_address>0x3704</load_address>
         <run_address>0x3704</run_address>
         <size>0x12</size>
         <input_file_ref idref="fl-13e"/>
      </object_component>
      <object_component id="oc-1c9">
         <name>.text:UARTCharGetNonBlocking</name>
         <load_address>0x3716</load_address>
         <run_address>0x3716</run_address>
         <size>0x10</size>
         <input_file_ref idref="fl-16d"/>
      </object_component>
      <object_component id="oc-15">
         <name>.text:decompress:none</name>
         <load_address>0x3726</load_address>
         <run_address>0x3726</run_address>
         <size>0xe</size>
         <input_file_ref idref="fl-13c"/>
      </object_component>
      <object_component id="oc-2c4">
         <name>.text:CPUcpsid</name>
         <load_address>0x3734</load_address>
         <run_address>0x3734</run_address>
         <size>0xc</size>
         <input_file_ref idref="fl-172"/>
      </object_component>
      <object_component id="oc-2c9">
         <name>.text:CPUcpsie</name>
         <load_address>0x3740</load_address>
         <run_address>0x3740</run_address>
         <size>0xc</size>
         <input_file_ref idref="fl-172"/>
      </object_component>
      <object_component id="oc-1cd">
         <name>.text:UARTCharsAvail</name>
         <load_address>0x374c</load_address>
         <run_address>0x374c</run_address>
         <size>0xc</size>
         <input_file_ref idref="fl-16d"/>
      </object_component>
      <object_component id="oc-2b">
         <name>.text</name>
         <load_address>0x3758</load_address>
         <run_address>0x3758</run_address>
         <size>0xc</size>
         <input_file_ref idref="fl-8"/>
      </object_component>
      <object_component id="oc-257">
         <name>.text:IntMasterDisable</name>
         <load_address>0x3764</load_address>
         <run_address>0x3764</run_address>
         <size>0xa</size>
         <input_file_ref idref="fl-170"/>
      </object_component>
      <object_component id="oc-25b">
         <name>.text:IntMasterEnable</name>
         <load_address>0x376e</load_address>
         <run_address>0x376e</run_address>
         <size>0xa</size>
         <input_file_ref idref="fl-170"/>
      </object_component>
      <object_component id="oc-1bb">
         <name>.text:UARTCharPut</name>
         <load_address>0x3778</load_address>
         <run_address>0x3778</run_address>
         <size>0xa</size>
         <input_file_ref idref="fl-16d"/>
      </object_component>
      <object_component id="oc-1c1">
         <name>.text:UARTIntStatus</name>
         <load_address>0x3782</load_address>
         <run_address>0x3782</run_address>
         <size>0xa</size>
         <input_file_ref idref="fl-16d"/>
      </object_component>
      <object_component id="oc-1b7">
         <name>.text:UARTBusy</name>
         <load_address>0x378c</load_address>
         <run_address>0x378c</run_address>
         <size>0x8</size>
         <input_file_ref idref="fl-16d"/>
      </object_component>
      <object_component id="oc-130">
         <name>.text:UARTIntEnable</name>
         <load_address>0x3794</load_address>
         <run_address>0x3794</run_address>
         <size>0x8</size>
         <input_file_ref idref="fl-16d"/>
      </object_component>
      <object_component id="oc-13c">
         <name>.text:GPIOPinWrite</name>
         <load_address>0x379c</load_address>
         <run_address>0x379c</run_address>
         <size>0x6</size>
         <input_file_ref idref="fl-171"/>
      </object_component>
      <object_component id="oc-226">
         <name>.text:SysCtlDelay</name>
         <load_address>0x37a2</load_address>
         <run_address>0x37a2</run_address>
         <size>0x6</size>
         <input_file_ref idref="fl-16e"/>
      </object_component>
      <object_component id="oc-21">
         <name>.text:decompress:rle24</name>
         <load_address>0x37a8</load_address>
         <run_address>0x37a8</run_address>
         <size>0x6</size>
         <input_file_ref idref="fl-13d"/>
      </object_component>
      <object_component id="oc-1c5">
         <name>.text:UARTIntClear</name>
         <load_address>0x37ae</load_address>
         <run_address>0x37ae</run_address>
         <size>0x4</size>
         <input_file_ref idref="fl-16d"/>
      </object_component>
      <object_component id="oc-251">
         <name>.const</name>
         <load_address>0x37b4</load_address>
         <run_address>0x37b4</run_address>
         <size>0x70</size>
         <input_file_ref idref="fl-170"/>
      </object_component>
      <object_component id="oc-23a">
         <name>.const:g_pulXtals</name>
         <load_address>0x3824</load_address>
         <run_address>0x3824</run_address>
         <size>0x6c</size>
         <input_file_ref idref="fl-16e"/>
      </object_component>
      <object_component id="oc-22d">
         <name>.const</name>
         <load_address>0x3890</load_address>
         <run_address>0x3890</run_address>
         <size>0x40</size>
         <input_file_ref idref="fl-16e"/>
      </object_component>
      <object_component id="oc-2b8">
         <name>.const:g_ppulUARTIntMap</name>
         <load_address>0x38d0</load_address>
         <run_address>0x38d0</run_address>
         <size>0x40</size>
         <input_file_ref idref="fl-16d"/>
      </object_component>
      <object_component id="oc-165">
         <name>.const:.string</name>
         <load_address>0x3910</load_address>
         <run_address>0x3910</run_address>
         <size>0x38</size>
         <input_file_ref idref="fl-4"/>
      </object_component>
      <object_component id="oc-1a6">
         <name>.const:.string:$P$T1$2</name>
         <load_address>0x3948</load_address>
         <run_address>0x3948</run_address>
         <size>0x27</size>
         <input_file_ref idref="fl-4"/>
      </object_component>
      <object_component id="oc-ed">
         <name>.const:.string</name>
         <load_address>0x396f</load_address>
         <run_address>0x396f</run_address>
         <size>0x14</size>
         <input_file_ref idref="fl-9"/>
      </object_component>
      <object_component id="oc-213">
         <name>.const</name>
         <load_address>0x3984</load_address>
         <run_address>0x3984</run_address>
         <size>0x2</size>
         <input_file_ref idref="fl-a"/>
      </object_component>
      <object_component id="oc-303">
         <name>.cinit..data.load</name>
         <load_address>0x3988</load_address>
         <run_address>0x3988</run_address>
         <size>0x24</size>
      </object_component>
      <object_component id="oc-300">
         <name>__TI_handler_table</name>
         <load_address>0x39ac</load_address>
         <run_address>0x39ac</run_address>
         <size>0xc</size>
      </object_component>
      <object_component id="oc-304">
         <name>.cinit..bss.load</name>
         <load_address>0x39b8</load_address>
         <run_address>0x39b8</run_address>
         <size>0x8</size>
      </object_component>
      <object_component id="oc-302">
         <name>.cinit..vtable.load</name>
         <load_address>0x39c0</load_address>
         <run_address>0x39c0</run_address>
         <size>0x8</size>
      </object_component>
      <object_component id="oc-301">
         <name>__TI_cinit_table</name>
         <load_address>0x39c8</load_address>
         <run_address>0x39c8</run_address>
         <size>0x18</size>
      </object_component>
      <object_component id="oc-2bb">
         <name>.vtable</name>
         <uninitialized>true</uninitialized>
         <run_address>0x20000000</run_address>
         <size>0x26c</size>
         <input_file_ref idref="fl-170"/>
      </object_component>
      <object_component id="oc-50">
         <name>.data</name>
         <load_address>0x20003c7c</load_address>
         <run_address>0x20003c7c</run_address>
         <size>0x4</size>
         <input_file_ref idref="fl-148"/>
      </object_component>
      <object_component id="oc-79">
         <name>.data</name>
         <load_address>0x20003c28</load_address>
         <run_address>0x20003c28</run_address>
         <size>0x30</size>
         <input_file_ref idref="fl-9"/>
      </object_component>
      <object_component id="oc-83">
         <name>.data</name>
         <load_address>0x20003c78</load_address>
         <run_address>0x20003c78</run_address>
         <size>0x4</size>
         <input_file_ref idref="fl-b"/>
      </object_component>
      <object_component id="oc-a3">
         <name>.data</name>
         <load_address>0x20003c68</load_address>
         <run_address>0x20003c68</run_address>
         <size>0x8</size>
         <input_file_ref idref="fl-14f"/>
      </object_component>
      <object_component id="oc-a6">
         <name>.data</name>
         <load_address>0x20003c70</load_address>
         <run_address>0x20003c70</run_address>
         <size>0x8</size>
         <input_file_ref idref="fl-140"/>
      </object_component>
      <object_component id="oc-152">
         <name>.data</name>
         <load_address>0x20003c60</load_address>
         <run_address>0x20003c60</run_address>
         <size>0x8</size>
         <input_file_ref idref="fl-4"/>
      </object_component>
      <object_component id="oc-207">
         <name>.data</name>
         <load_address>0x20003c58</load_address>
         <run_address>0x20003c58</run_address>
         <size>0x8</size>
         <input_file_ref idref="fl-a"/>
      </object_component>
      <object_component id="oc-d6">
         <name>.bss:pxReadyTasksLists</name>
         <uninitialized>true</uninitialized>
         <run_address>0x20002a70</run_address>
         <size>0x64</size>
         <input_file_ref idref="fl-9"/>
      </object_component>
      <object_component id="oc-20d">
         <name>.bss:xHeap</name>
         <uninitialized>true</uninitialized>
         <run_address>0x20000270</run_address>
         <size>0x2800</size>
         <input_file_ref idref="fl-a"/>
      </object_component>
      <object_component id="oc-1d3">
         <name>.common:RigOutBuffer</name>
         <uninitialized>true</uninitialized>
         <run_address>0x20002b98</run_address>
         <size>0x10</size>
      </object_component>
      <object_component id="oc-1d5">
         <name>.common:RigInBuffer</name>
         <uninitialized>true</uninitialized>
         <run_address>0x20002b88</run_address>
         <size>0x10</size>
      </object_component>
      <object_component id="oc-1d8">
         <name>.common:ComOutBuffer</name>
         <uninitialized>true</uninitialized>
         <run_address>0x20002b78</run_address>
         <size>0x10</size>
      </object_component>
      <object_component id="oc-1d7">
         <name>.common:ComInBuffer</name>
         <uninitialized>true</uninitialized>
         <run_address>0x20002b68</run_address>
         <size>0x10</size>
      </object_component>
      <object_component id="oc-1c0">
         <name>.common:semaROutbox</name>
         <uninitialized>true</uninitialized>
         <run_address>0x20002bd8</run_address>
         <size>0x4</size>
      </object_component>
      <object_component id="oc-1d4">
         <name>.common:semaRInbox</name>
         <uninitialized>true</uninitialized>
         <run_address>0x20002bd4</run_address>
         <size>0x4</size>
      </object_component>
      <object_component id="oc-1bf">
         <name>.common:semaCOutbox</name>
         <uninitialized>true</uninitialized>
         <run_address>0x20002bd0</run_address>
         <size>0x4</size>
      </object_component>
      <object_component id="oc-1d6">
         <name>.common:semaCInbox</name>
         <uninitialized>true</uninitialized>
         <run_address>0x20002bcc</run_address>
         <size>0x4</size>
      </object_component>
      <object_component id="oc-15e">
         <name>.common:semaUART0</name>
         <uninitialized>true</uninitialized>
         <run_address>0x20002bdc</run_address>
         <size>0x4</size>
      </object_component>
      <object_component id="oc-1d2">
         <name>.common:semaUART1</name>
         <uninitialized>true</uninitialized>
         <run_address>0x20002be0</run_address>
         <size>0x4</size>
      </object_component>
      <object_component id="oc-157">
         <name>.common:BufferA</name>
         <uninitialized>true</uninitialized>
         <run_address>0x20002b38</run_address>
         <size>0x10</size>
      </object_component>
      <object_component id="oc-163">
         <name>.common:BufferB</name>
         <uninitialized>true</uninitialized>
         <run_address>0x20002b48</run_address>
         <size>0x10</size>
      </object_component>
      <object_component id="oc-164">
         <name>.common:BufferC</name>
         <uninitialized>true</uninitialized>
         <run_address>0x20002b58</run_address>
         <size>0x10</size>
      </object_component>
      <object_component id="oc-160">
         <name>.common:semaA</name>
         <uninitialized>true</uninitialized>
         <run_address>0x20002bc0</run_address>
         <size>0x4</size>
      </object_component>
      <object_component id="oc-161">
         <name>.common:semaB</name>
         <uninitialized>true</uninitialized>
         <run_address>0x20002bc4</run_address>
         <size>0x4</size>
      </object_component>
      <object_component id="oc-162">
         <name>.common:semaC</name>
         <uninitialized>true</uninitialized>
         <run_address>0x20002bc8</run_address>
         <size>0x4</size>
      </object_component>
      <object_component id="oc-158">
         <name>.common:xHandle</name>
         <uninitialized>true</uninitialized>
         <run_address>0x20002be4</run_address>
         <size>0x4</size>
      </object_component>
      <object_component id="oc-183">
         <name>.common:xHandletest1</name>
         <uninitialized>true</uninitialized>
         <run_address>0x20002be8</run_address>
         <size>0x4</size>
      </object_component>
      <object_component id="oc-184">
         <name>.common:xHandletest2</name>
         <uninitialized>true</uninitialized>
         <run_address>0x20002bec</run_address>
         <size>0x4</size>
      </object_component>
      <object_component id="oc-185">
         <name>.common:xHandletest3</name>
         <uninitialized>true</uninitialized>
         <run_address>0x20002bf0</run_address>
         <size>0x4</size>
      </object_component>
      <object_component id="oc-186">
         <name>.common:xHandletest4</name>
         <uninitialized>true</uninitialized>
         <run_address>0x20002bf4</run_address>
         <size>0x4</size>
      </object_component>
      <object_component id="oc-187">
         <name>.common:xHandletest5</name>
         <uninitialized>true</uninitialized>
         <run_address>0x20002bf8</run_address>
         <size>0x4</size>
      </object_component>
      <object_component id="oc-188">
         <name>.common:xHandletest6</name>
         <uninitialized>true</uninitialized>
         <run_address>0x20002bfc</run_address>
         <size>0x4</size>
      </object_component>
      <object_component id="oc-189">
         <name>.common:xHandletest7</name>
         <uninitialized>true</uninitialized>
         <run_address>0x20002c00</run_address>
         <size>0x4</size>
      </object_component>
      <object_component id="oc-18a">
         <name>.common:xHandletest8</name>
         <uninitialized>true</uninitialized>
         <run_address>0x20002c04</run_address>
         <size>0x4</size>
      </object_component>
      <object_component id="oc-192">
         <name>.common:xHandletest9</name>
         <uninitialized>true</uninitialized>
         <run_address>0x20002c08</run_address>
         <size>0x4</size>
      </object_component>
      <object_component id="oc-1d1">
         <name>.common:xTask</name>
         <uninitialized>true</uninitialized>
         <run_address>0x20002c0c</run_address>
         <size>0x4</size>
      </object_component>
      <object_component id="oc-19c">
         <name>.common:test1Mark</name>
         <uninitialized>true</uninitialized>
         <run_address>0x20002c11</run_address>
         <size>0x1</size>
      </object_component>
      <object_component id="oc-19d">
         <name>.common:test2Mark</name>
         <uninitialized>true</uninitialized>
         <run_address>0x20002c13</run_address>
         <size>0x1</size>
      </object_component>
      <object_component id="oc-19e">
         <name>.common:test3Mark</name>
         <uninitialized>true</uninitialized>
         <run_address>0x20002c15</run_address>
         <size>0x1</size>
      </object_component>
      <object_component id="oc-19f">
         <name>.common:test4Mark</name>
         <uninitialized>true</uninitialized>
         <run_address>0x20002c17</run_address>
         <size>0x1</size>
      </object_component>
      <object_component id="oc-1a0">
         <name>.common:test5Mark</name>
         <uninitialized>true</uninitialized>
         <run_address>0x20002c19</run_address>
         <size>0x1</size>
      </object_component>
      <object_component id="oc-1a1">
         <name>.common:test6Mark</name>
         <uninitialized>true</uninitialized>
         <run_address>0x20002c1b</run_address>
         <size>0x1</size>
      </object_component>
      <object_component id="oc-1a2">
         <name>.common:test7Mark</name>
         <uninitialized>true</uninitialized>
         <run_address>0x20002c1d</run_address>
         <size>0x1</size>
      </object_component>
      <object_component id="oc-1a3">
         <name>.common:test8Mark</name>
         <uninitialized>true</uninitialized>
         <run_address>0x20002c1f</run_address>
         <size>0x1</size>
      </object_component>
      <object_component id="oc-1a4">
         <name>.common:test9Mark</name>
         <uninitialized>true</uninitialized>
         <run_address>0x20002c21</run_address>
         <size>0x1</size>
      </object_component>
      <object_component id="oc-194">
         <name>.common:test1Done</name>
         <uninitialized>true</uninitialized>
         <run_address>0x20002c10</run_address>
         <size>0x1</size>
      </object_component>
      <object_component id="oc-195">
         <name>.common:test2Done</name>
         <uninitialized>true</uninitialized>
         <run_address>0x20002c12</run_address>
         <size>0x1</size>
      </object_component>
      <object_component id="oc-196">
         <name>.common:test3Done</name>
         <uninitialized>true</uninitialized>
         <run_address>0x20002c14</run_address>
         <size>0x1</size>
      </object_component>
      <object_component id="oc-1b3">
         <name>.common:test4Done</name>
         <uninitialized>true</uninitialized>
         <run_address>0x20002c16</run_address>
         <size>0x1</size>
      </object_component>
      <object_component id="oc-198">
         <name>.common:test5Done</name>
         <uninitialized>true</uninitialized>
         <run_address>0x20002c18</run_address>
         <size>0x1</size>
      </object_component>
      <object_component id="oc-199">
         <name>.common:test6Done</name>
         <uninitialized>true</uninitialized>
         <run_address>0x20002c1a</run_address>
         <size>0x1</size>
      </object_component>
      <object_component id="oc-19a">
         <name>.common:test7Done</name>
         <uninitialized>true</uninitialized>
         <run_address>0x20002c1c</run_address>
         <size>0x1</size>
      </object_component>
      <object_component id="oc-18b">
         <name>.common:test8Done</name>
         <uninitialized>true</uninitialized>
         <run_address>0x20002c1e</run_address>
         <size>0x1</size>
      </object_component>
      <object_component id="oc-193">
         <name>.common:test9Done</name>
         <uninitialized>true</uninitialized>
         <run_address>0x20002c20</run_address>
         <size>0x1</size>
      </object_component>
      <object_component id="oc-fb">
         <name>.common:xDelayedTaskList1</name>
         <uninitialized>true</uninitialized>
         <run_address>0x20002ad4</run_address>
         <size>0x14</size>
      </object_component>
      <object_component id="oc-fc">
         <name>.common:xDelayedTaskList2</name>
         <uninitialized>true</uninitialized>
         <run_address>0x20002ae8</run_address>
         <size>0x14</size>
      </object_component>
      <object_component id="oc-fe">
         <name>.common:pxDelayedTaskList</name>
         <uninitialized>true</uninitialized>
         <run_address>0x20002bb8</run_address>
         <size>0x4</size>
      </object_component>
      <object_component id="oc-ff">
         <name>.common:pxOverflowDelayedTaskList</name>
         <uninitialized>true</uninitialized>
         <run_address>0x20002bbc</run_address>
         <size>0x4</size>
      </object_component>
      <object_component id="oc-fa">
         <name>.common:xPendingReadyList</name>
         <uninitialized>true</uninitialized>
         <run_address>0x20002afc</run_address>
         <size>0x14</size>
      </object_component>
      <object_component id="oc-100">
         <name>.common:xTasksWaitingTermination</name>
         <uninitialized>true</uninitialized>
         <run_address>0x20002b24</run_address>
         <size>0x14</size>
      </object_component>
      <object_component id="oc-ee">
         <name>.common:xSuspendedTaskList</name>
         <uninitialized>true</uninitialized>
         <run_address>0x20002b10</run_address>
         <size>0x14</size>
      </object_component>
      <object_component id="oc-210">
         <name>.common:xStart</name>
         <uninitialized>true</uninitialized>
         <run_address>0x20002bb0</run_address>
         <size>0x8</size>
      </object_component>
      <object_component id="oc-212">
         <name>.common:xEnd</name>
         <uninitialized>true</uninitialized>
         <run_address>0x20002ba8</run_address>
         <size>0x8</size>
      </object_component>
      <object_component id="oc-28">
         <name>.sysmem</name>
         <uninitialized>true</uninitialized>
         <run_address>0x20003428</run_address>
         <size>0x8</size>
         <input_file_ref idref="fl-16a"/>
      </object_component>
      <object_component id="oc-306">
         <name>.sysmem</name>
         <uninitialized>true</uninitialized>
         <run_address>0x20003428</run_address>
         <size>0x0</size>
      </object_component>
      <object_component id="oc-27">
         <name>.stack</name>
         <uninitialized>true</uninitialized>
         <run_address>0x20002c24</run_address>
         <size>0x0</size>
         <input_file_ref idref="fl-13b"/>
      </object_component>
      <object_component id="oc-305">
         <name>.stack</name>
         <uninitialized>true</uninitialized>
         <run_address>0x20002c24</run_address>
         <size>0x0</size>
      </object_component>
      <object_component id="oc-e">
         <name>.debug_info</name>
         <load_address>0x0</load_address>
         <run_address>0x0</run_address>
         <size>0xbb</size>
         <input_file_ref idref="fl-8"/>
      </object_component>
      <object_component id="oc-12">
         <name>.debug_info</name>
         <load_address>0xbb</load_address>
         <run_address>0xbb</run_address>
         <size>0xf3</size>
         <input_file_ref idref="fl-13b"/>
      </object_component>
      <object_component id="oc-16">
         <name>.debug_info</name>
         <load_address>0x1ae</load_address>
         <run_address>0x1ae</run_address>
         <size>0x194</size>
         <input_file_ref idref="fl-13c"/>
      </object_component>
      <object_component id="oc-1d">
         <name>.debug_info</name>
         <load_address>0x342</load_address>
         <run_address>0x342</run_address>
         <size>0x16a</size>
         <input_file_ref idref="fl-13e"/>
      </object_component>
      <object_component id="oc-23">
         <name>.debug_info</name>
         <load_address>0x4ac</load_address>
         <run_address>0x4ac</run_address>
         <size>0x18e</size>
         <input_file_ref idref="fl-13d"/>
      </object_component>
      <object_component id="oc-29">
         <name>.debug_info</name>
         <load_address>0x63a</load_address>
         <run_address>0x63a</run_address>
         <size>0xb6</size>
         <input_file_ref idref="fl-16a"/>
      </object_component>
      <object_component id="oc-2c">
         <name>.debug_info</name>
         <load_address>0x6f0</load_address>
         <run_address>0x6f0</run_address>
         <size>0x1c6</size>
         <input_file_ref idref="fl-8"/>
      </object_component>
      <object_component id="oc-32">
         <name>.debug_info</name>
         <load_address>0x8b6</load_address>
         <run_address>0x8b6</run_address>
         <size>0x119</size>
         <input_file_ref idref="fl-c"/>
      </object_component>
      <object_component id="oc-37">
         <name>.debug_info</name>
         <load_address>0x9cf</load_address>
         <run_address>0x9cf</run_address>
         <size>0x584</size>
         <input_file_ref idref="fl-b"/>
      </object_component>
      <object_component id="oc-3e">
         <name>.debug_info</name>
         <load_address>0xf53</load_address>
         <run_address>0xf53</run_address>
         <size>0x155</size>
         <input_file_ref idref="fl-8"/>
      </object_component>
      <object_component id="oc-41">
         <name>.debug_info</name>
         <load_address>0x10a8</load_address>
         <run_address>0x10a8</run_address>
         <size>0x13d</size>
         <input_file_ref idref="fl-153"/>
      </object_component>
      <object_component id="oc-45">
         <name>.debug_info</name>
         <load_address>0x11e5</load_address>
         <run_address>0x11e5</run_address>
         <size>0x11c</size>
         <input_file_ref idref="fl-151"/>
      </object_component>
      <object_component id="oc-4e">
         <name>.debug_info</name>
         <load_address>0x1301</load_address>
         <run_address>0x1301</run_address>
         <size>0x1c2</size>
         <input_file_ref idref="fl-140"/>
      </object_component>
      <object_component id="oc-51">
         <name>.debug_info</name>
         <load_address>0x14c3</load_address>
         <run_address>0x14c3</run_address>
         <size>0xbe</size>
         <input_file_ref idref="fl-148"/>
      </object_component>
      <object_component id="oc-56">
         <name>.debug_info</name>
         <load_address>0x1581</load_address>
         <run_address>0x1581</run_address>
         <size>0xcc</size>
         <input_file_ref idref="fl-144"/>
      </object_component>
      <object_component id="oc-5a">
         <name>.debug_info</name>
         <load_address>0x164d</load_address>
         <run_address>0x164d</run_address>
         <size>0x46</size>
         <input_file_ref idref="fl-13c"/>
      </object_component>
      <object_component id="oc-5f">
         <name>.debug_info</name>
         <load_address>0x1693</load_address>
         <run_address>0x1693</run_address>
         <size>0xf2</size>
         <input_file_ref idref="fl-13c"/>
      </object_component>
      <object_component id="oc-61">
         <name>.debug_info</name>
         <load_address>0x1785</load_address>
         <run_address>0x1785</run_address>
         <size>0x46</size>
         <input_file_ref idref="fl-13e"/>
      </object_component>
      <object_component id="oc-66">
         <name>.debug_info</name>
         <load_address>0x17cb</load_address>
         <run_address>0x17cb</run_address>
         <size>0xad</size>
         <input_file_ref idref="fl-13e"/>
      </object_component>
      <object_component id="oc-69">
         <name>.debug_info</name>
         <load_address>0x1878</load_address>
         <run_address>0x1878</run_address>
         <size>0x1ef</size>
         <input_file_ref idref="fl-13d"/>
      </object_component>
      <object_component id="oc-6e">
         <name>.debug_info</name>
         <load_address>0x1a67</load_address>
         <run_address>0x1a67</run_address>
         <size>0xb7</size>
         <input_file_ref idref="fl-13d"/>
      </object_component>
      <object_component id="oc-6f">
         <name>.debug_info</name>
         <load_address>0x1b1e</load_address>
         <run_address>0x1b1e</run_address>
         <size>0x39</size>
         <input_file_ref idref="fl-13d"/>
      </object_component>
      <object_component id="oc-76">
         <name>.debug_info</name>
         <load_address>0x1b57</load_address>
         <run_address>0x1b57</run_address>
         <size>0x1d7</size>
         <input_file_ref idref="fl-16a"/>
      </object_component>
      <object_component id="oc-7a">
         <name>.debug_info</name>
         <load_address>0x1d2e</load_address>
         <run_address>0x1d2e</run_address>
         <size>0x2b9</size>
         <input_file_ref idref="fl-9"/>
      </object_component>
      <object_component id="oc-7d">
         <name>.debug_info</name>
         <load_address>0x1fe7</load_address>
         <run_address>0x1fe7</run_address>
         <size>0x22d8</size>
         <input_file_ref idref="fl-9"/>
      </object_component>
      <object_component id="oc-84">
         <name>.debug_info</name>
         <load_address>0x42bf</load_address>
         <run_address>0x42bf</run_address>
         <size>0xc6</size>
         <input_file_ref idref="fl-b"/>
      </object_component>
      <object_component id="oc-87">
         <name>.debug_info</name>
         <load_address>0x4385</load_address>
         <run_address>0x4385</run_address>
         <size>0x1cf</size>
         <input_file_ref idref="fl-b"/>
      </object_component>
      <object_component id="oc-88">
         <name>.debug_info</name>
         <load_address>0x4554</load_address>
         <run_address>0x4554</run_address>
         <size>0x2c</size>
         <input_file_ref idref="fl-3"/>
      </object_component>
      <object_component id="oc-8d">
         <name>.debug_info</name>
         <load_address>0x4580</load_address>
         <run_address>0x4580</run_address>
         <size>0x84</size>
         <input_file_ref idref="fl-2"/>
      </object_component>
      <object_component id="oc-95">
         <name>.debug_info</name>
         <load_address>0x4604</load_address>
         <run_address>0x4604</run_address>
         <size>0x14b</size>
         <input_file_ref idref="fl-154"/>
      </object_component>
      <object_component id="oc-9c">
         <name>.debug_info</name>
         <load_address>0x474f</load_address>
         <run_address>0x474f</run_address>
         <size>0x1dcd</size>
         <input_file_ref idref="fl-4"/>
      </object_component>
      <object_component id="oc-a2">
         <name>.debug_info</name>
         <load_address>0x651c</load_address>
         <run_address>0x651c</run_address>
         <size>0x11b</size>
         <input_file_ref idref="fl-151"/>
      </object_component>
      <object_component id="oc-a4">
         <name>.debug_info</name>
         <load_address>0x6637</load_address>
         <run_address>0x6637</run_address>
         <size>0xc8</size>
         <input_file_ref idref="fl-14f"/>
      </object_component>
      <object_component id="oc-a7">
         <name>.debug_info</name>
         <load_address>0x66ff</load_address>
         <run_address>0x66ff</run_address>
         <size>0xeb</size>
         <input_file_ref idref="fl-140"/>
      </object_component>
      <object_component id="oc-aa">
         <name>.debug_info</name>
         <load_address>0x67ea</load_address>
         <run_address>0x67ea</run_address>
         <size>0x146</size>
         <input_file_ref idref="fl-140"/>
      </object_component>
      <object_component id="oc-af">
         <name>.debug_info</name>
         <load_address>0x6930</load_address>
         <run_address>0x6930</run_address>
         <size>0x2c</size>
         <input_file_ref idref="fl-13c"/>
      </object_component>
      <object_component id="oc-b6">
         <name>.debug_info</name>
         <load_address>0x695c</load_address>
         <run_address>0x695c</run_address>
         <size>0x2c</size>
         <input_file_ref idref="fl-13e"/>
      </object_component>
      <object_component id="oc-c2">
         <name>.debug_info</name>
         <load_address>0x6988</load_address>
         <run_address>0x6988</run_address>
         <size>0x2c</size>
         <input_file_ref idref="fl-169"/>
      </object_component>
      <object_component id="oc-c7">
         <name>.debug_info</name>
         <load_address>0x69b4</load_address>
         <run_address>0x69b4</run_address>
         <size>0x62</size>
         <input_file_ref idref="fl-16a"/>
      </object_component>
      <object_component id="oc-ce">
         <name>.debug_info</name>
         <load_address>0x6a16</load_address>
         <run_address>0x6a16</run_address>
         <size>0x75d</size>
         <input_file_ref idref="fl-9"/>
      </object_component>
      <object_component id="oc-d1">
         <name>.debug_info</name>
         <load_address>0x7173</load_address>
         <run_address>0x7173</run_address>
         <size>0x41b</size>
         <input_file_ref idref="fl-3"/>
      </object_component>
      <object_component id="oc-d7">
         <name>.debug_info</name>
         <load_address>0x758e</load_address>
         <run_address>0x758e</run_address>
         <size>0xbe</size>
         <input_file_ref idref="fl-9"/>
      </object_component>
      <object_component id="oc-e1">
         <name>.debug_info</name>
         <load_address>0x764c</load_address>
         <run_address>0x764c</run_address>
         <size>0x1a0</size>
         <input_file_ref idref="fl-143"/>
      </object_component>
      <object_component id="oc-ea">
         <name>.debug_info</name>
         <load_address>0x77ec</load_address>
         <run_address>0x77ec</run_address>
         <size>0x182</size>
         <input_file_ref idref="fl-14c"/>
      </object_component>
      <object_component id="oc-f0">
         <name>.debug_info</name>
         <load_address>0x796e</load_address>
         <run_address>0x796e</run_address>
         <size>0x4c9</size>
         <input_file_ref idref="fl-a"/>
      </object_component>
      <object_component id="oc-f8">
         <name>.debug_info</name>
         <load_address>0x7e37</load_address>
         <run_address>0x7e37</run_address>
         <size>0xfc</size>
         <input_file_ref idref="fl-145"/>
      </object_component>
      <object_component id="oc-102">
         <name>.debug_info</name>
         <load_address>0x7f33</load_address>
         <run_address>0x7f33</run_address>
         <size>0x16d</size>
         <input_file_ref idref="fl-4"/>
      </object_component>
      <object_component id="oc-107">
         <name>.debug_info</name>
         <load_address>0x80a0</load_address>
         <run_address>0x80a0</run_address>
         <size>0x2c</size>
         <input_file_ref idref="fl-3"/>
      </object_component>
      <object_component id="oc-110">
         <name>.debug_info</name>
         <load_address>0x80cc</load_address>
         <run_address>0x80cc</run_address>
         <size>0x14c</size>
         <input_file_ref idref="fl-3"/>
      </object_component>
      <object_component id="oc-115">
         <name>.debug_info</name>
         <load_address>0x8218</load_address>
         <run_address>0x8218</run_address>
         <size>0x119</size>
         <input_file_ref idref="fl-3"/>
      </object_component>
      <object_component id="oc-117">
         <name>.debug_info</name>
         <load_address>0x8331</load_address>
         <run_address>0x8331</run_address>
         <size>0x148</size>
         <input_file_ref idref="fl-154"/>
      </object_component>
      <object_component id="oc-119">
         <name>.debug_info</name>
         <load_address>0x8479</load_address>
         <run_address>0x8479</run_address>
         <size>0x2cb</size>
         <input_file_ref idref="fl-16e"/>
      </object_component>
      <object_component id="oc-11d">
         <name>.debug_info</name>
         <load_address>0x8744</load_address>
         <run_address>0x8744</run_address>
         <size>0x1d6</size>
         <input_file_ref idref="fl-16e"/>
      </object_component>
      <object_component id="oc-121">
         <name>.debug_info</name>
         <load_address>0x891a</load_address>
         <run_address>0x891a</run_address>
         <size>0x1e2</size>
         <input_file_ref idref="fl-171"/>
      </object_component>
      <object_component id="oc-125">
         <name>.debug_info</name>
         <load_address>0x8afc</load_address>
         <run_address>0x8afc</run_address>
         <size>0x1d6</size>
         <input_file_ref idref="fl-171"/>
      </object_component>
      <object_component id="oc-129">
         <name>.debug_info</name>
         <load_address>0x8cd2</load_address>
         <run_address>0x8cd2</run_address>
         <size>0x1fe</size>
         <input_file_ref idref="fl-16e"/>
      </object_component>
      <object_component id="oc-12d">
         <name>.debug_info</name>
         <load_address>0x8ed0</load_address>
         <run_address>0x8ed0</run_address>
         <size>0x267</size>
         <input_file_ref idref="fl-16d"/>
      </object_component>
      <object_component id="oc-131">
         <name>.debug_info</name>
         <load_address>0x9137</load_address>
         <run_address>0x9137</run_address>
         <size>0x1e0</size>
         <input_file_ref idref="fl-16d"/>
      </object_component>
      <object_component id="oc-135">
         <name>.debug_info</name>
         <load_address>0x9317</load_address>
         <run_address>0x9317</run_address>
         <size>0x21b</size>
         <input_file_ref idref="fl-16d"/>
      </object_component>
      <object_component id="oc-139">
         <name>.debug_info</name>
         <load_address>0x9532</load_address>
         <run_address>0x9532</run_address>
         <size>0x1c1</size>
         <input_file_ref idref="fl-170"/>
      </object_component>
      <object_component id="oc-13d">
         <name>.debug_info</name>
         <load_address>0x96f3</load_address>
         <run_address>0x96f3</run_address>
         <size>0x1f4</size>
         <input_file_ref idref="fl-171"/>
      </object_component>
      <object_component id="oc-141">
         <name>.debug_info</name>
         <load_address>0x98e7</load_address>
         <run_address>0x98e7</run_address>
         <size>0xf12</size>
         <input_file_ref idref="fl-6"/>
      </object_component>
      <object_component id="oc-147">
         <name>.debug_info</name>
         <load_address>0xa7f9</load_address>
         <run_address>0xa7f9</run_address>
         <size>0x18d1</size>
         <input_file_ref idref="fl-5"/>
      </object_component>
      <object_component id="oc-14d">
         <name>.debug_info</name>
         <load_address>0xc0ca</load_address>
         <run_address>0xc0ca</run_address>
         <size>0xea5</size>
         <input_file_ref idref="fl-4"/>
      </object_component>
      <object_component id="oc-153">
         <name>.debug_info</name>
         <load_address>0xcf6f</load_address>
         <run_address>0xcf6f</run_address>
         <size>0xe5</size>
         <input_file_ref idref="fl-4"/>
      </object_component>
      <object_component id="oc-166">
         <name>.debug_info</name>
         <load_address>0xd054</load_address>
         <run_address>0xd054</run_address>
         <size>0xaa</size>
         <input_file_ref idref="fl-4"/>
      </object_component>
      <object_component id="oc-18d">
         <name>.debug_info</name>
         <load_address>0xd0fe</load_address>
         <run_address>0xd0fe</run_address>
         <size>0x22f</size>
         <input_file_ref idref="fl-2"/>
      </object_component>
      <object_component id="oc-1a7">
         <name>.debug_info</name>
         <load_address>0xd32d</load_address>
         <run_address>0xd32d</run_address>
         <size>0xaa</size>
         <input_file_ref idref="fl-4"/>
      </object_component>
      <object_component id="oc-1aa">
         <name>.debug_info</name>
         <load_address>0xd3d7</load_address>
         <run_address>0xd3d7</run_address>
         <size>0x17e</size>
         <input_file_ref idref="fl-14a"/>
      </object_component>
      <object_component id="oc-1b8">
         <name>.debug_info</name>
         <load_address>0xd555</load_address>
         <run_address>0xd555</run_address>
         <size>0x1a0</size>
         <input_file_ref idref="fl-16d"/>
      </object_component>
      <object_component id="oc-1bc">
         <name>.debug_info</name>
         <load_address>0xd6f5</load_address>
         <run_address>0xd6f5</run_address>
         <size>0x24f</size>
         <input_file_ref idref="fl-16d"/>
      </object_component>
      <object_component id="oc-1c2">
         <name>.debug_info</name>
         <load_address>0xd944</load_address>
         <run_address>0xd944</run_address>
         <size>0x1d8</size>
         <input_file_ref idref="fl-16d"/>
      </object_component>
      <object_component id="oc-1c6">
         <name>.debug_info</name>
         <load_address>0xdb1c</load_address>
         <run_address>0xdb1c</run_address>
         <size>0x1de</size>
         <input_file_ref idref="fl-16d"/>
      </object_component>
      <object_component id="oc-1ca">
         <name>.debug_info</name>
         <load_address>0xdcfa</load_address>
         <run_address>0xdcfa</run_address>
         <size>0x1bc</size>
         <input_file_ref idref="fl-16d"/>
      </object_component>
      <object_component id="oc-1ce">
         <name>.debug_info</name>
         <load_address>0xdeb6</load_address>
         <run_address>0xdeb6</run_address>
         <size>0x1ac</size>
         <input_file_ref idref="fl-16d"/>
      </object_component>
      <object_component id="oc-1da">
         <name>.debug_info</name>
         <load_address>0xe062</load_address>
         <run_address>0xe062</run_address>
         <size>0x110</size>
         <input_file_ref idref="fl-4"/>
      </object_component>
      <object_component id="oc-1e1">
         <name>.debug_info</name>
         <load_address>0xe172</load_address>
         <run_address>0xe172</run_address>
         <size>0x5e</size>
         <input_file_ref idref="fl-151"/>
      </object_component>
      <object_component id="oc-1e9">
         <name>.debug_info</name>
         <load_address>0xe1d0</load_address>
         <run_address>0xe1d0</run_address>
         <size>0x1d4</size>
         <input_file_ref idref="fl-14f"/>
      </object_component>
      <object_component id="oc-1ee">
         <name>.debug_info</name>
         <load_address>0xe3a4</load_address>
         <run_address>0xe3a4</run_address>
         <size>0xd9</size>
         <input_file_ref idref="fl-14f"/>
      </object_component>
      <object_component id="oc-1f6">
         <name>.debug_info</name>
         <load_address>0xe47d</load_address>
         <run_address>0xe47d</run_address>
         <size>0xd4</size>
         <input_file_ref idref="fl-9"/>
      </object_component>
      <object_component id="oc-1fb">
         <name>.debug_info</name>
         <load_address>0xe551</load_address>
         <run_address>0xe551</run_address>
         <size>0xc8</size>
         <input_file_ref idref="fl-9"/>
      </object_component>
      <object_component id="oc-204">
         <name>.debug_info</name>
         <load_address>0xe619</load_address>
         <run_address>0xe619</run_address>
         <size>0xaa</size>
         <input_file_ref idref="fl-143"/>
      </object_component>
      <object_component id="oc-206">
         <name>.debug_info</name>
         <load_address>0xe6c3</load_address>
         <run_address>0xe6c3</run_address>
         <size>0xab</size>
         <input_file_ref idref="fl-14c"/>
      </object_component>
      <object_component id="oc-208">
         <name>.debug_info</name>
         <load_address>0xe76e</load_address>
         <run_address>0xe76e</run_address>
         <size>0xcc</size>
         <input_file_ref idref="fl-a"/>
      </object_component>
      <object_component id="oc-20b">
         <name>.debug_info</name>
         <load_address>0xe83a</load_address>
         <run_address>0xe83a</run_address>
         <size>0x22c</size>
         <input_file_ref idref="fl-a"/>
      </object_component>
      <object_component id="oc-20e">
         <name>.debug_info</name>
         <load_address>0xea66</load_address>
         <run_address>0xea66</run_address>
         <size>0xb0</size>
         <input_file_ref idref="fl-a"/>
      </object_component>
      <object_component id="oc-214">
         <name>.debug_info</name>
         <load_address>0xeb16</load_address>
         <run_address>0xeb16</run_address>
         <size>0xc4</size>
         <input_file_ref idref="fl-a"/>
      </object_component>
      <object_component id="oc-217">
         <name>.debug_info</name>
         <load_address>0xebda</load_address>
         <run_address>0xebda</run_address>
         <size>0x110</size>
         <input_file_ref idref="fl-3"/>
      </object_component>
      <object_component id="oc-221">
         <name>.debug_info</name>
         <load_address>0xecea</load_address>
         <run_address>0xecea</run_address>
         <size>0xcd</size>
         <input_file_ref idref="fl-154"/>
      </object_component>
      <object_component id="oc-228">
         <name>.debug_info</name>
         <load_address>0xedb7</load_address>
         <run_address>0xedb7</run_address>
         <size>0x84</size>
         <input_file_ref idref="fl-16d"/>
      </object_component>
      <object_component id="oc-22c">
         <name>.debug_info</name>
         <load_address>0xee3b</load_address>
         <run_address>0xee3b</run_address>
         <size>0x4c2</size>
         <input_file_ref idref="fl-16e"/>
      </object_component>
      <object_component id="oc-22e">
         <name>.debug_info</name>
         <load_address>0xf2fd</load_address>
         <run_address>0xf2fd</run_address>
         <size>0x1ae</size>
         <input_file_ref idref="fl-16e"/>
      </object_component>
      <object_component id="oc-231">
         <name>.debug_info</name>
         <load_address>0xf4ab</load_address>
         <run_address>0xf4ab</run_address>
         <size>0x246</size>
         <input_file_ref idref="fl-171"/>
      </object_component>
      <object_component id="oc-235">
         <name>.debug_info</name>
         <load_address>0xf6f1</load_address>
         <run_address>0xf6f1</run_address>
         <size>0x200</size>
         <input_file_ref idref="fl-171"/>
      </object_component>
      <object_component id="oc-23b">
         <name>.debug_info</name>
         <load_address>0xf8f1</load_address>
         <run_address>0xf8f1</run_address>
         <size>0x104</size>
         <input_file_ref idref="fl-16e"/>
      </object_component>
      <object_component id="oc-23e">
         <name>.debug_info</name>
         <load_address>0xf9f5</load_address>
         <run_address>0xf9f5</run_address>
         <size>0x224</size>
         <input_file_ref idref="fl-16d"/>
      </object_component>
      <object_component id="oc-242">
         <name>.debug_info</name>
         <load_address>0xfc19</load_address>
         <run_address>0xfc19</run_address>
         <size>0x1a0</size>
         <input_file_ref idref="fl-16d"/>
      </object_component>
      <object_component id="oc-246">
         <name>.debug_info</name>
         <load_address>0xfdb9</load_address>
         <run_address>0xfdb9</run_address>
         <size>0x473</size>
         <input_file_ref idref="fl-16d"/>
      </object_component>
      <object_component id="oc-249">
         <name>.debug_info</name>
         <load_address>0x1022c</load_address>
         <run_address>0x1022c</run_address>
         <size>0x235</size>
         <input_file_ref idref="fl-16d"/>
      </object_component>
      <object_component id="oc-24d">
         <name>.debug_info</name>
         <load_address>0x10461</load_address>
         <run_address>0x10461</run_address>
         <size>0x29d</size>
         <input_file_ref idref="fl-170"/>
      </object_component>
      <object_component id="oc-252">
         <name>.debug_info</name>
         <load_address>0x106fe</load_address>
         <run_address>0x106fe</run_address>
         <size>0x1b3</size>
         <input_file_ref idref="fl-170"/>
      </object_component>
      <object_component id="oc-254">
         <name>.debug_info</name>
         <load_address>0x108b1</load_address>
         <run_address>0x108b1</run_address>
         <size>0x46e</size>
         <input_file_ref idref="fl-170"/>
      </object_component>
      <object_component id="oc-256">
         <name>.debug_info</name>
         <load_address>0x10d1f</load_address>
         <run_address>0x10d1f</run_address>
         <size>0x467</size>
         <input_file_ref idref="fl-171"/>
      </object_component>
      <object_component id="oc-258">
         <name>.debug_info</name>
         <load_address>0x11186</load_address>
         <run_address>0x11186</run_address>
         <size>0x1a1</size>
         <input_file_ref idref="fl-170"/>
      </object_component>
      <object_component id="oc-25c">
         <name>.debug_info</name>
         <load_address>0x11327</load_address>
         <run_address>0x11327</run_address>
         <size>0x19f</size>
         <input_file_ref idref="fl-170"/>
      </object_component>
      <object_component id="oc-260">
         <name>.debug_info</name>
         <load_address>0x114c6</load_address>
         <run_address>0x114c6</run_address>
         <size>0x101</size>
         <input_file_ref idref="fl-6"/>
      </object_component>
      <object_component id="oc-261">
         <name>.debug_info</name>
         <load_address>0x115c7</load_address>
         <run_address>0x115c7</run_address>
         <size>0x2c</size>
         <input_file_ref idref="fl-4"/>
      </object_component>
      <object_component id="oc-267">
         <name>.debug_info</name>
         <load_address>0x115f3</load_address>
         <run_address>0x115f3</run_address>
         <size>0x131</size>
         <input_file_ref idref="fl-5"/>
      </object_component>
      <object_component id="oc-26c">
         <name>.debug_info</name>
         <load_address>0x11724</load_address>
         <run_address>0x11724</run_address>
         <size>0x57a</size>
         <input_file_ref idref="fl-5"/>
      </object_component>
      <object_component id="oc-26f">
         <name>.debug_info</name>
         <load_address>0x11c9e</load_address>
         <run_address>0x11c9e</run_address>
         <size>0x86</size>
         <input_file_ref idref="fl-4"/>
      </object_component>
      <object_component id="oc-274">
         <name>.debug_info</name>
         <load_address>0x11d24</load_address>
         <run_address>0x11d24</run_address>
         <size>0x2c</size>
         <input_file_ref idref="fl-4"/>
      </object_component>
      <object_component id="oc-279">
         <name>.debug_info</name>
         <load_address>0x11d50</load_address>
         <run_address>0x11d50</run_address>
         <size>0x2c</size>
         <input_file_ref idref="fl-4"/>
      </object_component>
      <object_component id="oc-283">
         <name>.debug_info</name>
         <load_address>0x11d7c</load_address>
         <run_address>0x11d7c</run_address>
         <size>0x153</size>
         <input_file_ref idref="fl-14b"/>
      </object_component>
      <object_component id="oc-289">
         <name>.debug_info</name>
         <load_address>0x11ecf</load_address>
         <run_address>0x11ecf</run_address>
         <size>0xaf</size>
         <input_file_ref idref="fl-2"/>
      </object_component>
      <object_component id="oc-28d">
         <name>.debug_info</name>
         <load_address>0x11f7e</load_address>
         <run_address>0x11f7e</run_address>
         <size>0x9a</size>
         <input_file_ref idref="fl-14a"/>
      </object_component>
      <object_component id="oc-28f">
         <name>.debug_info</name>
         <load_address>0x12018</load_address>
         <run_address>0x12018</run_address>
         <size>0x2c</size>
         <input_file_ref idref="fl-16d"/>
      </object_component>
      <object_component id="oc-2a3">
         <name>.debug_info</name>
         <load_address>0x12044</load_address>
         <run_address>0x12044</run_address>
         <size>0xa7</size>
         <input_file_ref idref="fl-a"/>
      </object_component>
      <object_component id="oc-2b9">
         <name>.debug_info</name>
         <load_address>0x120eb</load_address>
         <run_address>0x120eb</run_address>
         <size>0x10e</size>
         <input_file_ref idref="fl-16d"/>
      </object_component>
      <object_component id="oc-2bc">
         <name>.debug_info</name>
         <load_address>0x121f9</load_address>
         <run_address>0x121f9</run_address>
         <size>0x112</size>
         <input_file_ref idref="fl-170"/>
      </object_component>
      <object_component id="oc-2c5">
         <name>.debug_info</name>
         <load_address>0x1230b</load_address>
         <run_address>0x1230b</run_address>
         <size>0x170</size>
         <input_file_ref idref="fl-172"/>
      </object_component>
[...]
         <value>0x25ff</value>
         <object_component_ref idref="oc-140"/>
      </symbol>
      <symbol id="sm-2e7">
         <name>RingBufWriteOne</name>
         <value>0x2747</value>
         <object_component_ref idref="oc-140"/>
      </symbol>
      <symbol id="sm-2e8">
         <name>RingBufFlush</name>
         <value>0x2569</value>
         <object_component_ref idref="oc-140"/>
      </symbol>
      <symbol id="sm-2e9">
         <name>RingBufContigUsed</name>
         <value>0x25d1</value>
         <object_component_ref idref="oc-140"/>
      </symbol>
      <symbol id="sm-2ea">
         <name>RingBufWrite</name>
         <value>0x276d</value>
         <object_component_ref idref="oc-140"/>
      </symbol>
      <symbol id="sm-2eb">
         <name>RingBufFree</name>
         <value>0x25bb</value>
         <object_component_ref idref="oc-140"/>
      </symbol>
      <symbol id="sm-2ec">
         <name>RingBufRead</name>
         <value>0x266f</value>
         <object_component_ref idref="oc-140"/>
      </symbol>
      <symbol id="sm-2ed">
         <name>RingBufReadOne</name>
         <value>0x2649</value>
         <object_component_ref idref="oc-140"/>
      </symbol>
      <symbol id="sm-2ee">
         <name>RingBufUsed</name>
         <value>0x2589</value>
         <object_component_ref idref="oc-140"/>
      </symbol>
      <symbol id="sm-2ef">
         <name>RingBufEmpty</name>
         <value>0x2545</value>
         <object_component_ref idref="oc-140"/>
      </symbol>
      <symbol id="sm-2f0">
         <name>RingBufAdvanceWrite</name>
         <value>0x26d3</value>
         <object_component_ref idref="oc-140"/>
      </symbol>
      <symbol id="sm-30d">
         <name>ResetISR</name>
         <value>0x3759</value>
         <object_component_ref idref="oc-2b"/>
      </symbol>
      <symbol id="sm-30e">
         <name>g_pfnVectors</name>
         <value>0x0</value>
         <object_component_ref idref="oc-d"/>
      </symbol>
      <symbol id="sm-434">
         <name>vTaskDelay</name>
         <value>0x146d</value>
         <object_component_ref idref="oc-7c"/>
      </symbol>
      <symbol id="sm-435">
         <name>vTaskSuspendAll</name>
         <value>0x17db</value>
         <object_component_ref idref="oc-7c"/>
      </symbol>
      <symbol id="sm-436">
         <name>vTaskPriorityInherit</name>
         <value>0x1d99</value>
         <object_component_ref idref="oc-7c"/>
      </symbol>
      <symbol id="sm-437">
         <name>vTaskPlaceOnEventList</name>
         <value>0x1a41</value>
         <object_component_ref idref="oc-7c"/>
      </symbol>
      <symbol id="sm-438">
         <name>xTaskCheckForTimeOut</name>
         <value>0x1b65</value>
         <object_component_ref idref="oc-7c"/>
      </symbol>
      <symbol id="sm-439">
         <name>vTaskPrioritySet</name>
         <value>0x150d</value>
         <object_component_ref idref="oc-7c"/>
      </symbol>
      <symbol id="sm-43a">
         <name>vTaskStartScheduler</name>
         <value>0x177f</value>
         <object_component_ref idref="oc-7c"/>
      </symbol>
      <symbol id="sm-43b">
         <name>vTaskPriorityDisinherit</name>
         <value>0x1e23</value>
         <object_component_ref idref="oc-7c"/>
      </symbol>
      <symbol id="sm-43c">
         <name>vTaskDelayUntil</name>
         <value>0x13bd</value>
         <object_component_ref idref="oc-7c"/>
      </symbol>
      <symbol id="sm-43d">
         <name>vTaskEndScheduler</name>
         <value>0x17c9</value>
         <object_component_ref idref="oc-7c"/>
      </symbol>
      <symbol id="sm-43e">
         <name>vTaskMissedYield</name>
         <value>0x1bdd</value>
         <object_component_ref idref="oc-7c"/>
      </symbol>
      <symbol id="sm-43f">
         <name>uxTaskGetNumberOfTasks</name>
         <value>0x18c9</value>
         <object_component_ref idref="oc-7c"/>
      </symbol>
      <symbol id="sm-440">
         <name>uxTaskPriorityGet</name>
         <value>0x14d1</value>
         <object_component_ref idref="oc-7c"/>
      </symbol>
      <symbol id="sm-441">
         <name>xTaskResumeAll</name>
         <value>0x17e5</value>
         <object_component_ref idref="oc-7c"/>
      </symbol>
      <symbol id="sm-442">
         <name>xTaskGetTickCount</name>
         <value>0x18b5</value>
         <object_component_ref idref="oc-7c"/>
      </symbol>
      <symbol id="sm-443">
         <name>xTaskGenericCreate</name>
         <value>0x1241</value>
         <object_component_ref idref="oc-7c"/>
      </symbol>
      <symbol id="sm-444">
         <name>vTaskDelete</name>
         <value>0x1355</value>
         <object_component_ref idref="oc-7c"/>
      </symbol>
      <symbol id="sm-445">
         <name>pxCurrentTCB</name>
         <value>0x20003c28</value>
         <object_component_ref idref="oc-79"/>
      </symbol>
      <symbol id="sm-446">
         <name>vTaskSuspend</name>
         <value>0x15f5</value>
         <object_component_ref idref="oc-7c"/>
      </symbol>
      <symbol id="sm-447">
         <name>vTaskResume</name>
         <value>0x169d</value>
         <object_component_ref idref="oc-7c"/>
      </symbol>
      <symbol id="sm-448">
         <name>vTaskSetTimeOutState</name>
         <value>0x1b3f</value>
         <object_component_ref idref="oc-7c"/>
      </symbol>
      <symbol id="sm-449">
         <name>vTaskIncrementTick</name>
         <value>0x18d9</value>
         <object_component_ref idref="oc-7c"/>
      </symbol>
      <symbol id="sm-44a">
         <name>vTaskSwitchContext</name>
         <value>0x1981</value>
         <object_component_ref idref="oc-7c"/>
      </symbol>
      <symbol id="sm-44b">
         <name>xTaskResumeFromISR</name>
         <value>0x170d</value>
         <object_component_ref idref="oc-7c"/>
      </symbol>
      <symbol id="sm-44c">
         <name>xTaskGetCurrentTaskHandle</name>
         <value>0x1d85</value>
         <object_component_ref idref="oc-7c"/>
      </symbol>
      <symbol id="sm-44d">
         <name>xTaskRemoveFromEventList</name>
         <value>0x1ac1</value>
         <object_component_ref idref="oc-7c"/>
      </symbol>
      <symbol id="sm-44e">
         <name>xTaskIsTaskSuspended</name>
         <value>0x164d</value>
         <object_component_ref idref="oc-7c"/>
      </symbol>
      <symbol id="sm-492">
         <name>vPortInitialiseBlocks</name>
         <value>0x2b57</value>
         <object_component_ref idref="oc-ef"/>
      </symbol>
      <symbol id="sm-493">
         <name>xPortGetFreeHeapSize</name>
         <value>0x2b51</value>
         <object_component_ref idref="oc-ef"/>
      </symbol>
      <symbol id="sm-494">
         <name>pvPortMalloc</name>
         <value>0x29bd</value>
         <object_component_ref idref="oc-ef"/>
      </symbol>
      <symbol id="sm-495">
         <name>vPortFree</name>
         <value>0x2aef</value>
         <object_component_ref idref="oc-ef"/>
      </symbol>
      <symbol id="sm-4b8">
         <name>vPortEndScheduler</name>
         <value>0x2fd1</value>
         <object_component_ref idref="oc-36"/>
      </symbol>
      <symbol id="sm-4b9">
         <name>xPortSysTickHandler</name>
         <value>0x3003</value>
         <object_component_ref idref="oc-36"/>
      </symbol>
      <symbol id="sm-4ba">
         <name>vPortYieldFromISR</name>
         <value>0x2fd3</value>
         <object_component_ref idref="oc-36"/>
      </symbol>
      <symbol id="sm-4bb">
         <name>pxPortInitialiseStack</name>
         <value>0x2f61</value>
         <object_component_ref idref="oc-36"/>
      </symbol>
      <symbol id="sm-4bc">
         <name>vPortExitCritical</name>
         <value>0x2fed</value>
         <object_component_ref idref="oc-36"/>
      </symbol>
      <symbol id="sm-4bd">
         <name>xPortStartScheduler</name>
         <value>0x2fa9</value>
         <object_component_ref idref="oc-36"/>
      </symbol>
      <symbol id="sm-4be">
         <name>vPortEnterCritical</name>
         <value>0x2fdd</value>
         <object_component_ref idref="oc-36"/>
      </symbol>
      <symbol id="sm-4c9">
         <name>vPortStartFirstTask</name>
         <value>0x3185</value>
         <object_component_ref idref="oc-31"/>
      </symbol>
      <symbol id="sm-4ca">
         <name>vPortEnableVFP</name>
         <value>0x3197</value>
         <object_component_ref idref="oc-31"/>
      </symbol>
      <symbol id="sm-4cb">
         <name>xPortPendSVHandler</name>
         <value>0x3111</value>
         <object_component_ref idref="oc-31"/>
      </symbol>
      <symbol id="sm-4cc">
         <name>vPortClearInterruptMask</name>
         <value>0x3159</value>
         <object_component_ref idref="oc-31"/>
      </symbol>
      <symbol id="sm-4cd">
         <name>vPortSetInterruptMask</name>
         <value>0x314b</value>
         <object_component_ref idref="oc-31"/>
      </symbol>
      <symbol id="sm-4ce">
         <name>vPortSVCHandler</name>
         <value>0x3167</value>
         <object_component_ref idref="oc-31"/>
      </symbol>
      <symbol id="sm-4de">
         <name>_c_int00</name>
         <value>0x356d</value>
         <object_component_ref idref="oc-10"/>
      </symbol>
      <symbol id="sm-4df">
         <name>__stack</name>
         <value>0x20002c24</value>
         <object_component_ref idref="oc-27"/>
      </symbol>
      <symbol id="sm-4f6">
         <name>__TI_decompress_none</name>
         <value>0x3727</value>
         <object_component_ref idref="oc-15"/>
      </symbol>
      <symbol id="sm-51a">
         <name>__TI_decompress_rle24</name>
         <value>0x37a9</value>
         <object_component_ref idref="oc-21"/>
      </symbol>
      <symbol id="sm-533">
         <name>__TI_zero_init</name>
         <value>0x3705</value>
         <object_component_ref idref="oc-1b"/>
      </symbol>
      <symbol id="sm-553">
         <name>C$$EXIT</name>
         <value>0x34b1</value>
         <object_component_ref idref="oc-4a"/>
      </symbol>
      <symbol id="sm-554">
         <name>abort</name>
         <value>0x34b5</value>
         <object_component_ref idref="oc-4a"/>
      </symbol>
      <symbol id="sm-555">
         <name>exit</name>
         <value>0x34bd</value>
         <object_component_ref idref="oc-4a"/>
      </symbol>
      <symbol id="sm-556">
         <name>__TI_dtors_ptr</name>
         <value>0x20003c74</value>
         <object_component_ref idref="oc-a6"/>
      </symbol>
      <symbol id="sm-557">
         <name>__TI_cleanup_ptr</name>
         <value>0x20003c70</value>
         <object_component_ref idref="oc-a6"/>
      </symbol>
      <symbol id="sm-569">
         <name>memcmp</name>
         <value>0x35ff</value>
         <object_component_ref idref="oc-de"/>
      </symbol>
      <symbol id="sm-584">
         <name>memcpy</name>
         <value>0x31a9</value>
         <object_component_ref idref="oc-54"/>
      </symbol>
      <symbol id="sm-585">
         <name>__aeabi_memcpy</name>
         <value>0x31a9</value>
         <object_component_ref idref="oc-54"/>
      </symbol>
      <symbol id="sm-586">
         <name>__aeabi_memcpy8</name>
         <value>0x31a9</value>
         <object_component_ref idref="oc-54"/>
      </symbol>
      <symbol id="sm-587">
         <name>__aeabi_memcpy4</name>
         <value>0x31a9</value>
         <object_component_ref idref="oc-54"/>
      </symbol>
      <symbol id="sm-596">
         <name>__aeabi_memset</name>
         <value>0x32db</value>
         <object_component_ref idref="oc-f5"/>
      </symbol>
      <symbol id="sm-597">
         <name>memset</name>
         <value>0x32e1</value>
         <object_component_ref idref="oc-f5"/>
      </symbol>
      <symbol id="sm-598">
         <name>__aeabi_memset8</name>
         <value>0x32db</value>
         <object_component_ref idref="oc-f5"/>
      </symbol>
      <symbol id="sm-599">
         <name>__aeabi_memset4</name>
         <value>0x32db</value>
         <object_component_ref idref="oc-f5"/>
      </symbol>
      <symbol id="sm-59a">
         <name>__aeabi_memclr8</name>
         <value>0x32d9</value>
         <object_component_ref idref="oc-f5"/>
      </symbol>
      <symbol id="sm-59b">
         <name>__aeabi_memclr4</name>
         <value>0x32d9</value>
         <object_component_ref idref="oc-f5"/>
      </symbol>
      <symbol id="sm-59c">
         <name>__aeabi_memclr</name>
         <value>0x32d9</value>
         <object_component_ref idref="oc-f5"/>
      </symbol>
      <symbol id="sm-5a6">
         <name>main_func_sp</name>
         <value>0x20003c7c</value>
         <object_component_ref idref="oc-50"/>
      </symbol>
      <symbol id="sm-5b6">
         <name>strcmp</name>
         <value>0x368d</value>
         <object_component_ref idref="oc-1a9"/>
      </symbol>
      <symbol id="sm-5c4">
         <name>strlen</name>
         <value>0x36cd</value>
         <object_component_ref idref="oc-282"/>
      </symbol>
      <symbol id="sm-5d4">
         <name>strncpy</name>
         <value>0x35a1</value>
         <object_component_ref idref="oc-e7"/>
      </symbol>
      <symbol id="sm-5ef">
         <name>_nop</name>
         <value>0x36c7</value>
         <object_component_ref idref="oc-1e6"/>
      </symbol>
      <symbol id="sm-5f0">
         <name>_lock</name>
         <value>0x20003c68</value>
         <object_component_ref idref="oc-a3"/>
      </symbol>
      <symbol id="sm-5f1">
         <name>_unlock</name>
         <value>0x20003c6c</value>
         <object_component_ref idref="oc-a3"/>
      </symbol>
      <symbol id="sm-5f2">
         <name>_register_lock</name>
         <value>0x36bf</value>
         <object_component_ref idref="oc-1e6"/>
      </symbol>
      <symbol id="sm-5f3">
         <name>_register_unlock</name>
         <value>0x36b9</value>
         <object_component_ref idref="oc-1e6"/>
      </symbol>
      <symbol id="sm-608">
         <name>_args_main</name>
         <value>0x3675</value>
         <object_component_ref idref="oc-44"/>
      </symbol>
      <symbol id="sm-626">
         <name>__TI_auto_init</name>
         <value>0x3245</value>
         <object_component_ref idref="oc-3f"/>
      </symbol>
      <symbol id="sm-63f">
         <name>copy_in</name>
         <value>0x346d</value>
         <object_component_ref idref="oc-94"/>
      </symbol>
      <symbol id="sm-669">
         <name>_sys_memory</name>
         <value>0x20003428</value>
         <object_component_ref idref="oc-28"/>
      </symbol>
      <symbol id="sm-6de">
         <name>UARTConfigSetExpClk</name>
         <value>0x34f5</value>
         <object_component_ref idref="oc-12c"/>
      </symbol>
      <symbol id="sm-6df">
         <name>UARTDisable</name>
         <value>0x3641</value>
         <object_component_ref idref="oc-23d"/>
      </symbol>
      <symbol id="sm-6e0">
         <name>UARTBusy</name>
         <value>0x378d</value>
         <object_component_ref idref="oc-1b7"/>
      </symbol>
      <symbol id="sm-6e1">
         <name>UARTIntEnable</name>
         <value>0x3795</value>
         <object_component_ref idref="oc-130"/>
      </symbol>
      <symbol id="sm-6e2">
         <name>UARTCharsAvail</name>
         <value>0x374d</value>
         <object_component_ref idref="oc-1cd"/>
      </symbol>
      <symbol id="sm-6e3">
         <name>UARTCharGetNonBlocking</name>
         <value>0x3717</value>
         <object_component_ref idref="oc-1c9"/>
      </symbol>
      <symbol id="sm-6e4">
         <name>UARTCharPut</name>
         <value>0x3779</value>
         <object_component_ref idref="oc-1bb"/>
      </symbol>
      <symbol id="sm-6e5">
         <name>UARTEnable</name>
         <value>0x36a5</value>
         <object_component_ref idref="oc-241"/>
      </symbol>
      <symbol id="sm-6e6">
         <name>UARTIntClear</name>
         <value>0x37af</value>
         <object_component_ref idref="oc-1c5"/>
      </symbol>
      <symbol id="sm-6e7">
         <name>UARTIntStatus</name>
         <value>0x3783</value>
         <object_component_ref idref="oc-1c1"/>
      </symbol>
      <symbol id="sm-6e8">
         <name>UARTIntRegister</name>
         <value>0x365d</value>
         <object_component_ref idref="oc-134"/>
      </symbol>
      <symbol id="sm-75b">
         <name>SysCtlClockSet</name>
         <value>0x2ced</value>
         <object_component_ref idref="oc-118"/>
      </symbol>
      <symbol id="sm-75c">
         <name>SysCtlDelay</name>
         <value>0x37a3</value>
         <object_component_ref idref="oc-226"/>
      </symbol>
      <symbol id="sm-75d">
         <name>SysCtlPeripheralEnable</name>
         <value>0x3415</value>
         <object_component_ref idref="oc-11c"/>
      </symbol>
      <symbol id="sm-75e">
         <name>SysCtlClockGet</name>
         <value>0x27e5</value>
         <object_component_ref idref="oc-128"/>
      </symbol>
      <symbol id="sm-79e">
         <name>IntEnable</name>
         <value>0x3351</value>
         <object_component_ref idref="oc-138"/>
      </symbol>
      <symbol id="sm-79f">
         <name>IntRegister</name>
         <value>0x3539</value>
         <object_component_ref idref="oc-24c"/>
      </symbol>
      <symbol id="sm-7a0">
         <name>IntMasterDisable</name>
         <value>0x3765</value>
         <object_component_ref idref="oc-257"/>
      </symbol>
      <symbol id="sm-7a1">
         <name>g_pfnRAMVectors</name>
         <value>0x20000000</value>
         <object_component_ref idref="oc-2bb"/>
      </symbol>
      <symbol id="sm-7a2">
         <name>IntMasterEnable</name>
         <value>0x376f</value>
         <object_component_ref idref="oc-25b"/>
      </symbol>
      <symbol id="sm-7db">
         <name>GPIOPinTypeUART</name>
         <value>0x36f3</value>
         <object_component_ref idref="oc-124"/>
      </symbol>
      <symbol id="sm-7dc">
         <name>GPIOPinTypeGPIOOutput</name>
         <value>0x36e1</value>
         <object_component_ref idref="oc-120"/>
      </symbol>
      <symbol id="sm-7dd">
         <name>GPIODirModeSet</name>
         <value>0x35d1</value>
         <object_component_ref idref="oc-234"/>
      </symbol>
      <symbol id="sm-7de">
         <name>GPIOPinWrite</name>
         <value>0x379d</value>
         <object_component_ref idref="oc-13c"/>
      </symbol>
      <symbol id="sm-7df">
         <name>GPIOPadConfigSet</name>
         <value>0x3045</value>
         <object_component_ref idref="oc-230"/>
      </symbol>
      <symbol id="sm-7ed">
         <name>CPUcpsie</name>
         <value>0x3741</value>
         <object_component_ref idref="oc-2c9"/>
      </symbol>
      <symbol id="sm-7ee">
         <name>CPUcpsid</name>
         <value>0x3735</value>
         <object_component_ref idref="oc-2c4"/>
      </symbol>
      <symbol id="sm-7ef">
         <name>__TI_static_base__</name>
         <value>0x0</value>
      </symbol>
      <symbol id="sm-7f0">
         <name>__TI_args_main</name>
         <value>0x1</value>
      </symbol>
      <symbol id="sm-7f1">
         <name>SHT$$INIT_ARRAY$$Limit</name>
         <value>0x0</value>
      </symbol>
      <symbol id="sm-7f2">
         <name>SHT$$INIT_ARRAY$$Base</name>
         <value>0x0</value>
      </symbol>
   </symbol_table>
   <title>Link successful</title>
</link_info>
